  Determining projects to restore...
/home/runner/work/moto/moto/LMSA.Plugins.PhoneManager/LMSA.Plugins.PhoneManager.csproj : warning NU1608: Detected package version outside of dependency constraint: Common.Logging.Log4Net1213 3.4.1 requires Log4Net (= 2.0.3) but version log4net 3.2.0 was resolved. [/home/runner/work/moto/moto/LMSA.sln]
/home/runner/work/moto/moto/LMSA.Plugins.Support/LMSA.Plugins.Support.csproj : warning NU1608: Detected package version outside of dependency constraint: Common.Logging.Log4Net1213 3.4.1 requires Log4Net (= 2.0.3) but version log4net 3.2.0 was resolved. [/home/runner/work/moto/moto/LMSA.sln]
/home/runner/work/moto/moto/LMSA.Tests/LMSA.Tests.csproj : warning NU1608: Detected package version outside of dependency constraint: Common.Logging.Log4Net1213 3.4.1 requires Log4Net (= 2.0.3) but version log4net 3.2.0 was resolved. [/home/runner/work/moto/moto/LMSA.sln]
/home/runner/work/moto/moto/LMSA.Plugins.Toolbox/LMSA.Plugins.Toolbox.csproj : warning NU1608: Detected package version outside of dependency constraint: Common.Logging.Log4Net1213 3.4.1 requires Log4Net (= 2.0.3) but version log4net 3.2.0 was resolved. [/home/runner/work/moto/moto/LMSA.sln]
/home/runner/work/moto/moto/LMSA.Plugins.Support/LMSA.Plugins.Support.csproj : warning NU1701: Package 'Common.Logging.Log4Net1213 3.4.1' was restored using '.NETFramework,Version=v4.6.1, .NETFramework,Version=v4.6.2, .NETFramework,Version=v4.7, .NETFramework,Version=v4.7.1, .NETFramework,Version=v4.7.2, .NETFramework,Version=v4.8, .NETFramework,Version=v4.8.1' instead of the project target framework 'net8.0'. This package may not be fully compatible with your project. [/home/runner/work/moto/moto/LMSA.sln]
/home/runner/work/moto/moto/LMSA.Tests/LMSA.Tests.csproj : warning NU1701: Package 'Common.Logging.Log4Net1213 3.4.1' was restored using '.NETFramework,Version=v4.6.1, .NETFramework,Version=v4.6.2, .NETFramework,Version=v4.7, .NETFramework,Version=v4.7.1, .NETFramework,Version=v4.7.2, .NETFramework,Version=v4.8, .NETFramework,Version=v4.8.1' instead of the project target framework 'net8.0'. This package may not be fully compatible with your project. [/home/runner/work/moto/moto/LMSA.sln]
/home/runner/work/moto/moto/LMSA.Plugins.Toolbox/LMSA.Plugins.Toolbox.csproj : warning NU1701: Package 'Common.Logging.Log4Net1213 3.4.1' was restored using '.NETFramework,Version=v4.6.1, .NETFramework,Version=v4.6.2, .NETFramework,Version=v4.7, .NETFramework,Version=v4.7.1, .NETFramework,Version=v4.7.2, .NETFramework,Version=v4.8, .NETFramework,Version=v4.8.1' instead of the project target framework 'net8.0'. This package may not be fully compatible with your project. [/home/runner/work/moto/moto/LMSA.sln]
/home/runner/work/moto/moto/LMSA.Plugins.PhoneManager/LMSA.Plugins.PhoneManager.csproj : warning NU1701: Package 'Common.Logging.Log4Net1213 3.4.1' was restored using '.NETFramework,Version=v4.6.1, .NETFramework,Version=v4.6.2, .NETFramework,Version=v4.7, .NETFramework,Version=v4.7.1, .NETFramework,Version=v4.7.2, .NETFramework,Version=v4.8, .NETFramework,Version=v4.8.1' instead of the project target framework 'net8.0'. This package may not be fully compatible with your project. [/home/runner/work/moto/moto/LMSA.sln]
/home/runner/work/moto/moto/LMSA.Framework.Download/LMSA.Framework.Download.csproj : warning NU1608: Detected package version outside of dependency constraint: Common.Logging.Log4Net1213 3.4.1 requires Log4Net (= 2.0.3) but version log4net 3.2.0 was resolved. [/home/runner/work/moto/moto/LMSA.sln]
/home/runner/work/moto/moto/LMSA.Plugins.Flash/LMSA.Plugins.Flash.csproj : warning NU1608: Detected package version outside of dependency constraint: Common.Logging.Log4Net1213 3.4.1 requires Log4Net (= 2.0.3) but version log4net 3.2.0 was resolved. [/home/runner/work/moto/moto/LMSA.sln]
/home/runner/work/moto/moto/LMSA.Framework.Download/LMSA.Framework.Download.csproj : warning NU1701: Package 'Common.Logging.Log4Net1213 3.4.1' was restored using '.NETFramework,Version=v4.6.1, .NETFramework,Version=v4.6.2, .NETFramework,Version=v4.7, .NETFramework,Version=v4.7.1, .NETFramework,Version=v4.7.2, .NETFramework,Version=v4.8, .NETFramework,Version=v4.8.1' instead of the project target framework 'net8.0'. This package may not be fully compatible with your project. [/home/runner/work/moto/moto/LMSA.sln]
/home/runner/work/moto/moto/LMSA.Plugins.HardwareTest/LMSA.Plugins.HardwareTest.csproj : warning NU1608: Detected package version outside of dependency constraint: Common.Logging.Log4Net1213 3.4.1 requires Log4Net (= 2.0.3) but version log4net 3.2.0 was resolved. [/home/runner/work/moto/moto/LMSA.sln]
/home/runner/work/moto/moto/LMSA.Plugins.Flash/LMSA.Plugins.Flash.csproj : warning NU1701: Package 'Common.Logging.Log4Net1213 3.4.1' was restored using '.NETFramework,Version=v4.6.1, .NETFramework,Version=v4.6.2, .NETFramework,Version=v4.7, .NETFramework,Version=v4.7.1, .NETFramework,Version=v4.7.2, .NETFramework,Version=v4.8, .NETFramework,Version=v4.8.1' instead of the project target framework 'net8.0'. This package may not be fully compatible with your project. [/home/runner/work/moto/moto/LMSA.sln]
/home/runner/work/moto/moto/LMSA.Plugins.HardwareTest/LMSA.Plugins.HardwareTest.csproj : warning NU1701: Package 'Common.Logging.Log4Net1213 3.4.1' was restored using '.NETFramework,Version=v4.6.1, .NETFramework,Version=v4.6.2, .NETFramework,Version=v4.7, .NETFramework,Version=v4.7.1, .NETFramework,Version=v4.7.2, .NETFramework,Version=v4.8, .NETFramework,Version=v4.8.1' instead of the project target framework 'net8.0'. This package may not be fully compatible with your project. [/home/runner/work/moto/moto/LMSA.sln]
/home/runner/work/moto/moto/LMSA.Framework.DeviceManagement/LMSA.Framework.DeviceManagement.csproj : warning NU1608: Detected package version outside of dependency constraint: Common.Logging.Log4Net1213 3.4.1 requires Log4Net (= 2.0.3) but version log4net 3.2.0 was resolved. [/home/runner/work/moto/moto/LMSA.sln]
/home/runner/work/moto/moto/LMSA.Framework.DeviceManagement/LMSA.Framework.DeviceManagement.csproj : warning NU1701: Package 'Common.Logging.Log4Net1213 3.4.1' was restored using '.NETFramework,Version=v4.6.1, .NETFramework,Version=v4.6.2, .NETFramework,Version=v4.7, .NETFramework,Version=v4.7.1, .NETFramework,Version=v4.7.2, .NETFramework,Version=v4.8, .NETFramework,Version=v4.8.1' instead of the project target framework 'net8.0'. This package may not be fully compatible with your project. [/home/runner/work/moto/moto/LMSA.sln]
/home/runner/work/moto/moto/LMSA.Common/LMSA.Common.csproj : warning NU1608: Detected package version outside of dependency constraint: Common.Logging.Log4Net1213 3.4.1 requires Log4Net (= 2.0.3) but version log4net 3.2.0 was resolved. [/home/runner/work/moto/moto/LMSA.sln]
/home/runner/work/moto/moto/LMSA.Common/LMSA.Common.csproj : warning NU1701: Package 'Common.Logging.Log4Net1213 3.4.1' was restored using '.NETFramework,Version=v4.6.1, .NETFramework,Version=v4.6.2, .NETFramework,Version=v4.7, .NETFramework,Version=v4.7.1, .NETFramework,Version=v4.7.2, .NETFramework,Version=v4.8, .NETFramework,Version=v4.8.1' instead of the project target framework 'net8.0'. This package may not be fully compatible with your project. [/home/runner/work/moto/moto/LMSA.sln]
/home/runner/work/moto/moto/LMSA.Common.Utilities/LMSA.Common.Utilities.csproj : warning NU1608: Detected package version outside of dependency constraint: Common.Logging.Log4Net1213 3.4.1 requires Log4Net (= 2.0.3) but version log4net 3.2.0 was resolved. [/home/runner/work/moto/moto/LMSA.sln]
/home/runner/work/moto/moto/LMSA.Common.Utilities/LMSA.Common.Utilities.csproj : warning NU1701: Package 'Common.Logging.Log4Net1213 3.4.1' was restored using '.NETFramework,Version=v4.6.1, .NETFramework,Version=v4.6.2, .NETFramework,Version=v4.7, .NETFramework,Version=v4.7.1, .NETFramework,Version=v4.7.2, .NETFramework,Version=v4.8, .NETFramework,Version=v4.8.1' instead of the project target framework 'net8.0'. This package may not be fully compatible with your project. [/home/runner/work/moto/moto/LMSA.sln]
/home/runner/work/moto/moto/LMSA.Common.WebServices/LMSA.Common.WebServices.csproj : warning NU1608: Detected package version outside of dependency constraint: Common.Logging.Log4Net1213 3.4.1 requires Log4Net (= 2.0.3) but version log4net 3.2.0 was resolved. [/home/runner/work/moto/moto/LMSA.sln]
/home/runner/work/moto/moto/LMSA.Common.WebServices/LMSA.Common.WebServices.csproj : warning NU1701: Package 'Common.Logging.Log4Net1213 3.4.1' was restored using '.NETFramework,Version=v4.6.1, .NETFramework,Version=v4.6.2, .NETFramework,Version=v4.7, .NETFramework,Version=v4.7.1, .NETFramework,Version=v4.7.2, .NETFramework,Version=v4.8, .NETFramework,Version=v4.8.1' instead of the project target framework 'net8.0'. This package may not be fully compatible with your project. [/home/runner/work/moto/moto/LMSA.sln]
/home/runner/work/moto/moto/LMSA.Common.Log/LMSA.Common.Log.csproj : warning NU1608: Detected package version outside of dependency constraint: Common.Logging.Log4Net1213 3.4.1 requires Log4Net (= 2.0.3) but version log4net 3.2.0 was resolved. [/home/runner/work/moto/moto/LMSA.sln]
/home/runner/work/moto/moto/LMSA.Common.Log/LMSA.Common.Log.csproj : warning NU1701: Package 'Common.Logging.Log4Net1213 3.4.1' was restored using '.NETFramework,Version=v4.6.1, .NETFramework,Version=v4.6.2, .NETFramework,Version=v4.7, .NETFramework,Version=v4.7.1, .NETFramework,Version=v4.7.2, .NETFramework,Version=v4.8, .NETFramework,Version=v4.8.1' instead of the project target framework 'net8.0'. This package may not be fully compatible with your project. [/home/runner/work/moto/moto/LMSA.sln]
/home/runner/work/moto/moto/LMSA.Framework.SmartBase/LMSA.Framework.SmartBase.csproj : warning NU1608: Detected package version outside of dependency constraint: Common.Logging.Log4Net1213 3.4.1 requires Log4Net (= 2.0.3) but version log4net 3.2.0 was resolved. [/home/runner/work/moto/moto/LMSA.sln]
/home/runner/work/moto/moto/LMSA.Framework.SmartBase/LMSA.Framework.SmartBase.csproj : warning NU1701: Package 'Common.Logging.Log4Net1213 3.4.1' was restored using '.NETFramework,Version=v4.6.1, .NETFramework,Version=v4.6.2, .NETFramework,Version=v4.7, .NETFramework,Version=v4.7.1, .NETFramework,Version=v4.7.2, .NETFramework,Version=v4.8, .NETFramework,Version=v4.8.1' instead of the project target framework 'net8.0'. This package may not be fully compatible with your project. [/home/runner/work/moto/moto/LMSA.sln]
/home/runner/work/moto/moto/LMSA.Framework.Services/LMSA.Framework.Services.csproj : warning NU1608: Detected package version outside of dependency constraint: Common.Logging.Log4Net1213 3.4.1 requires Log4Net (= 2.0.3) but version log4net 3.2.0 was resolved. [/home/runner/work/moto/moto/LMSA.sln]
/home/runner/work/moto/moto/LMSA.Framework.Services/LMSA.Framework.Services.csproj : warning NU1701: Package 'Common.Logging.Log4Net1213 3.4.1' was restored using '.NETFramework,Version=v4.6.1, .NETFramework,Version=v4.6.2, .NETFramework,Version=v4.7, .NETFramework,Version=v4.7.1, .NETFramework,Version=v4.7.2, .NETFramework,Version=v4.8, .NETFramework,Version=v4.8.1' instead of the project target framework 'net8.0'. This package may not be fully compatible with your project. [/home/runner/work/moto/moto/LMSA.sln]
/home/runner/work/moto/moto/LMSA.Plugins.DataTransfer/LMSA.Plugins.DataTransfer.csproj : warning NU1608: Detected package version outside of dependency constraint: Common.Logging.Log4Net1213 3.4.1 requires Log4Net (= 2.0.3) but version log4net 3.2.0 was resolved. [/home/runner/work/moto/moto/LMSA.sln]
/home/runner/work/moto/moto/LMSA.Plugins.DataTransfer/LMSA.Plugins.DataTransfer.csproj : warning NU1701: Package 'Common.Logging.Log4Net1213 3.4.1' was restored using '.NETFramework,Version=v4.6.1, .NETFramework,Version=v4.6.2, .NETFramework,Version=v4.7, .NETFramework,Version=v4.7.1, .NETFramework,Version=v4.7.2, .NETFramework,Version=v4.8, .NETFramework,Version=v4.8.1' instead of the project target framework 'net8.0'. This package may not be fully compatible with your project. [/home/runner/work/moto/moto/LMSA.sln]
/home/runner/work/moto/moto/LMSA.Plugins.BackupRestore/LMSA.Plugins.BackupRestore.csproj : warning NU1608: Detected package version outside of dependency constraint: Common.Logging.Log4Net1213 3.4.1 requires Log4Net (= 2.0.3) but version log4net 3.2.0 was resolved. [/home/runner/work/moto/moto/LMSA.sln]
/home/runner/work/moto/moto/LMSA.Plugins.BackupRestore/LMSA.Plugins.BackupRestore.csproj : warning NU1701: Package 'Common.Logging.Log4Net1213 3.4.1' was restored using '.NETFramework,Version=v4.6.1, .NETFramework,Version=v4.6.2, .NETFramework,Version=v4.7, .NETFramework,Version=v4.7.1, .NETFramework,Version=v4.7.2, .NETFramework,Version=v4.8, .NETFramework,Version=v4.8.1' instead of the project target framework 'net8.0'. This package may not be fully compatible with your project. [/home/runner/work/moto/moto/LMSA.sln]
/home/runner/work/moto/moto/LMSA.Framework.HostController/LMSA.Framework.HostController.csproj : warning NU1608: Detected package version outside of dependency constraint: Common.Logging.Log4Net1213 3.4.1 requires Log4Net (= 2.0.3) but version log4net 3.2.0 was resolved. [/home/runner/work/moto/moto/LMSA.sln]
/home/runner/work/moto/moto/LMSA.Framework.HostController/LMSA.Framework.HostController.csproj : warning NU1701: Package 'Common.Logging.Log4Net1213 3.4.1' was restored using '.NETFramework,Version=v4.6.1, .NETFramework,Version=v4.6.2, .NETFramework,Version=v4.7, .NETFramework,Version=v4.7.1, .NETFramework,Version=v4.7.2, .NETFramework,Version=v4.8, .NETFramework,Version=v4.8.1' instead of the project target framework 'net8.0-windows7.0'. This package may not be fully compatible with your project. [/home/runner/work/moto/moto/LMSA.sln]
/home/runner/work/moto/moto/LMSA.Framework.Language/LMSA.Framework.Language.csproj : warning NU1608: Detected package version outside of dependency constraint: Common.Logging.Log4Net1213 3.4.1 requires Log4Net (= 2.0.3) but version log4net 3.2.0 was resolved. [/home/runner/work/moto/moto/LMSA.sln]
/home/runner/work/moto/moto/LMSA.Framework.Language/LMSA.Framework.Language.csproj : warning NU1701: Package 'Common.Logging.Log4Net1213 3.4.1' was restored using '.NETFramework,Version=v4.6.1, .NETFramework,Version=v4.6.2, .NETFramework,Version=v4.7, .NETFramework,Version=v4.7.1, .NETFramework,Version=v4.7.2, .NETFramework,Version=v4.8, .NETFramework,Version=v4.8.1' instead of the project target framework 'net8.0-windows7.0'. This package may not be fully compatible with your project. [/home/runner/work/moto/moto/LMSA.sln]
/home/runner/work/moto/moto/LMSA.HostProxy/LMSA.HostProxy.csproj : warning NU1608: Detected package version outside of dependency constraint: Common.Logging.Log4Net1213 3.4.1 requires Log4Net (= 2.0.3) but version log4net 3.2.0 was resolved. [/home/runner/work/moto/moto/LMSA.sln]
/home/runner/work/moto/moto/LMSA.HostProxy/LMSA.HostProxy.csproj : warning NU1701: Package 'Common.Logging.Log4Net1213 3.4.1' was restored using '.NETFramework,Version=v4.6.1, .NETFramework,Version=v4.6.2, .NETFramework,Version=v4.7, .NETFramework,Version=v4.7.1, .NETFramework,Version=v4.7.2, .NETFramework,Version=v4.8, .NETFramework,Version=v4.8.1' instead of the project target framework 'net8.0-windows7.0'. This package may not be fully compatible with your project. [/home/runner/work/moto/moto/LMSA.sln]
/home/runner/work/moto/moto/LMSA.Framework.Socket/LMSA.Framework.Socket.csproj : warning NU1608: Detected package version outside of dependency constraint: Common.Logging.Log4Net1213 3.4.1 requires Log4Net (= 2.0.3) but version log4net 3.2.0 was resolved. [/home/runner/work/moto/moto/LMSA.sln]
/home/runner/work/moto/moto/LMSA.Framework.Socket/LMSA.Framework.Socket.csproj : warning NU1701: Package 'Common.Logging.Log4Net1213 3.4.1' was restored using '.NETFramework,Version=v4.6.1, .NETFramework,Version=v4.6.2, .NETFramework,Version=v4.7, .NETFramework,Version=v4.7.1, .NETFramework,Version=v4.7.2, .NETFramework,Version=v4.8, .NETFramework,Version=v4.8.1' instead of the project target framework 'net8.0'. This package may not be fully compatible with your project. [/home/runner/work/moto/moto/LMSA.sln]
/home/runner/work/moto/moto/LMSA.Framework.UpdateVersion/LMSA.Framework.UpdateVersion.csproj : warning NU1608: Detected package version outside of dependency constraint: Common.Logging.Log4Net1213 3.4.1 requires Log4Net (= 2.0.3) but version log4net 3.2.0 was resolved. [/home/runner/work/moto/moto/LMSA.sln]
/home/runner/work/moto/moto/LMSA.Framework.UpdateVersion/LMSA.Framework.UpdateVersion.csproj : warning NU1701: Package 'Common.Logging.Log4Net1213 3.4.1' was restored using '.NETFramework,Version=v4.6.1, .NETFramework,Version=v4.6.2, .NETFramework,Version=v4.7, .NETFramework,Version=v4.7.1, .NETFramework,Version=v4.7.2, .NETFramework,Version=v4.8, .NETFramework,Version=v4.8.1' instead of the project target framework 'net8.0'. This package may not be fully compatible with your project. [/home/runner/work/moto/moto/LMSA.sln]
/home/runner/work/moto/moto/LMSA.Framework.SmartDevice/LMSA.Framework.SmartDevice.csproj : warning NU1608: Detected package version outside of dependency constraint: Common.Logging.Log4Net1213 3.4.1 requires Log4Net (= 2.0.3) but version log4net 3.2.0 was resolved. [/home/runner/work/moto/moto/LMSA.sln]
/home/runner/work/moto/moto/LMSA.Framework.SmartDevice/LMSA.Framework.SmartDevice.csproj : warning NU1701: Package 'Common.Logging.Log4Net1213 3.4.1' was restored using '.NETFramework,Version=v4.6.1, .NETFramework,Version=v4.6.2, .NETFramework,Version=v4.7, .NETFramework,Version=v4.7.1, .NETFramework,Version=v4.7.2, .NETFramework,Version=v4.8, .NETFramework,Version=v4.8.1' instead of the project target framework 'net8.0'. This package may not be fully compatible with your project. [/home/runner/work/moto/moto/LMSA.sln]
/home/runner/work/moto/moto/LMSA.Framework.Resources/LMSA.Framework.Resources.csproj : warning NU1608: Detected package version outside of dependency constraint: Common.Logging.Log4Net1213 3.4.1 requires Log4Net (= 2.0.3) but version log4net 3.2.0 was resolved. [/home/runner/work/moto/moto/LMSA.sln]
/home/runner/work/moto/moto/LMSA.Framework.Resources/LMSA.Framework.Resources.csproj : warning NU1701: Package 'Common.Logging.Log4Net1213 3.4.1' was restored using '.NETFramework,Version=v4.6.1, .NETFramework,Version=v4.6.2, .NETFramework,Version=v4.7, .NETFramework,Version=v4.7.1, .NETFramework,Version=v4.7.2, .NETFramework,Version=v4.8, .NETFramework,Version=v4.8.1' instead of the project target framework 'net8.0'. This package may not be fully compatible with your project. [/home/runner/work/moto/moto/LMSA.sln]
  Restored /home/runner/work/moto/moto/LMSA.Framework.Resources/LMSA.Framework.Resources.csproj (in 307 ms).
  24 of 25 projects are up-to-date for restore.
/home/runner/work/moto/moto/LMSA.Framework.Download/LMSA.Framework.Download.csproj : warning NU1608: Detected package version outside of dependency constraint: Common.Logging.Log4Net1213 3.4.1 requires Log4Net (= 2.0.3) but version log4net 3.2.0 was resolved.
/home/runner/work/moto/moto/LMSA.Framework.Download/LMSA.Framework.Download.csproj : warning NU1701: Package 'Common.Logging.Log4Net1213 3.4.1' was restored using '.NETFramework,Version=v4.6.1, .NETFramework,Version=v4.6.2, .NETFramework,Version=v4.7, .NETFramework,Version=v4.7.1, .NETFramework,Version=v4.7.2, .NETFramework,Version=v4.8, .NETFramework,Version=v4.8.1' instead of the project target framework 'net8.0'. This package may not be fully compatible with your project.
/home/runner/work/moto/moto/LMSA.Framework.Services/LMSA.Framework.Services.csproj : warning NU1608: Detected package version outside of dependency constraint: Common.Logging.Log4Net1213 3.4.1 requires Log4Net (= 2.0.3) but version log4net 3.2.0 was resolved.
/home/runner/work/moto/moto/LMSA.Framework.Services/LMSA.Framework.Services.csproj : warning NU1701: Package 'Common.Logging.Log4Net1213 3.4.1' was restored using '.NETFramework,Version=v4.6.1, .NETFramework,Version=v4.6.2, .NETFramework,Version=v4.7, .NETFramework,Version=v4.7.1, .NETFramework,Version=v4.7.2, .NETFramework,Version=v4.8, .NETFramework,Version=v4.8.1' instead of the project target framework 'net8.0'. This package may not be fully compatible with your project.
/home/runner/work/moto/moto/LMSA.Framework.SmartDevice/LMSA.Framework.SmartDevice.csproj : warning NU1608: Detected package version outside of dependency constraint: Common.Logging.Log4Net1213 3.4.1 requires Log4Net (= 2.0.3) but version log4net 3.2.0 was resolved.
/home/runner/work/moto/moto/LMSA.Framework.SmartDevice/LMSA.Framework.SmartDevice.csproj : warning NU1701: Package 'Common.Logging.Log4Net1213 3.4.1' was restored using '.NETFramework,Version=v4.6.1, .NETFramework,Version=v4.6.2, .NETFramework,Version=v4.7, .NETFramework,Version=v4.7.1, .NETFramework,Version=v4.7.2, .NETFramework,Version=v4.8, .NETFramework,Version=v4.8.1' instead of the project target framework 'net8.0'. This package may not be fully compatible with your project.
/home/runner/work/moto/moto/LMSA.Framework.DeviceManagement/LMSA.Framework.DeviceManagement.csproj : warning NU1608: Detected package version outside of dependency constraint: Common.Logging.Log4Net1213 3.4.1 requires Log4Net (= 2.0.3) but version log4net 3.2.0 was resolved.
/home/runner/work/moto/moto/LMSA.Framework.DeviceManagement/LMSA.Framework.DeviceManagement.csproj : warning NU1701: Package 'Common.Logging.Log4Net1213 3.4.1' was restored using '.NETFramework,Version=v4.6.1, .NETFramework,Version=v4.6.2, .NETFramework,Version=v4.7, .NETFramework,Version=v4.7.1, .NETFramework,Version=v4.7.2, .NETFramework,Version=v4.8, .NETFramework,Version=v4.8.1' instead of the project target framework 'net8.0'. This package may not be fully compatible with your project.
/home/runner/work/moto/moto/LMSA.Framework.HostController/LMSA.Framework.HostController.csproj : warning NU1608: Detected package version outside of dependency constraint: Common.Logging.Log4Net1213 3.4.1 requires Log4Net (= 2.0.3) but version log4net 3.2.0 was resolved.
/home/runner/work/moto/moto/LMSA.Framework.HostController/LMSA.Framework.HostController.csproj : warning NU1701: Package 'Common.Logging.Log4Net1213 3.4.1' was restored using '.NETFramework,Version=v4.6.1, .NETFramework,Version=v4.6.2, .NETFramework,Version=v4.7, .NETFramework,Version=v4.7.1, .NETFramework,Version=v4.7.2, .NETFramework,Version=v4.8, .NETFramework,Version=v4.8.1' instead of the project target framework 'net8.0-windows7.0'. This package may not be fully compatible with your project.
/home/runner/work/moto/moto/LMSA.Framework.Language/LMSA.Framework.Language.csproj : warning NU1608: Detected package version outside of dependency constraint: Common.Logging.Log4Net1213 3.4.1 requires Log4Net (= 2.0.3) but version log4net 3.2.0 was resolved.
/home/runner/work/moto/moto/LMSA.Framework.Language/LMSA.Framework.Language.csproj : warning NU1701: Package 'Common.Logging.Log4Net1213 3.4.1' was restored using '.NETFramework,Version=v4.6.1, .NETFramework,Version=v4.6.2, .NETFramework,Version=v4.7, .NETFramework,Version=v4.7.1, .NETFramework,Version=v4.7.2, .NETFramework,Version=v4.8, .NETFramework,Version=v4.8.1' instead of the project target framework 'net8.0-windows7.0'. This package may not be fully compatible with your project.
/home/runner/work/moto/moto/LMSA.Common.Log/LMSA.Common.Log.csproj : warning NU1608: Detected package version outside of dependency constraint: Common.Logging.Log4Net1213 3.4.1 requires Log4Net (= 2.0.3) but version log4net 3.2.0 was resolved.
/home/runner/work/moto/moto/LMSA.Common.Log/LMSA.Common.Log.csproj : warning NU1701: Package 'Common.Logging.Log4Net1213 3.4.1' was restored using '.NETFramework,Version=v4.6.1, .NETFramework,Version=v4.6.2, .NETFramework,Version=v4.7, .NETFramework,Version=v4.7.1, .NETFramework,Version=v4.7.2, .NETFramework,Version=v4.8, .NETFramework,Version=v4.8.1' instead of the project target framework 'net8.0'. This package may not be fully compatible with your project.
/home/runner/work/moto/moto/LMSA.Framework.Resources/LMSA.Framework.Resources.csproj : warning NU1608: Detected package version outside of dependency constraint: Common.Logging.Log4Net1213 3.4.1 requires Log4Net (= 2.0.3) but version log4net 3.2.0 was resolved.
/home/runner/work/moto/moto/LMSA.Framework.Resources/LMSA.Framework.Resources.csproj : warning NU1701: Package 'Common.Logging.Log4Net1213 3.4.1' was restored using '.NETFramework,Version=v4.6.1, .NETFramework,Version=v4.6.2, .NETFramework,Version=v4.7, .NETFramework,Version=v4.7.1, .NETFramework,Version=v4.7.2, .NETFramework,Version=v4.8, .NETFramework,Version=v4.8.1' instead of the project target framework 'net8.0'. This package may not be fully compatible with your project.
/home/runner/work/moto/moto/LMSA.Framework.SmartBase/LMSA.Framework.SmartBase.csproj : warning NU1608: Detected package version outside of dependency constraint: Common.Logging.Log4Net1213 3.4.1 requires Log4Net (= 2.0.3) but version log4net 3.2.0 was resolved.
/home/runner/work/moto/moto/LMSA.Framework.SmartBase/LMSA.Framework.SmartBase.csproj : warning NU1701: Package 'Common.Logging.Log4Net1213 3.4.1' was restored using '.NETFramework,Version=v4.6.1, .NETFramework,Version=v4.6.2, .NETFramework,Version=v4.7, .NETFramework,Version=v4.7.1, .NETFramework,Version=v4.7.2, .NETFramework,Version=v4.8, .NETFramework,Version=v4.8.1' instead of the project target framework 'net8.0'. This package may not be fully compatible with your project.
/home/runner/work/moto/moto/LMSA.Common.WebServices/LMSA.Common.WebServices.csproj : warning NU1608: Detected package version outside of dependency constraint: Common.Logging.Log4Net1213 3.4.1 requires Log4Net (= 2.0.3) but version log4net 3.2.0 was resolved.
/home/runner/work/moto/moto/LMSA.Common.WebServices/LMSA.Common.WebServices.csproj : warning NU1701: Package 'Common.Logging.Log4Net1213 3.4.1' was restored using '.NETFramework,Version=v4.6.1, .NETFramework,Version=v4.6.2, .NETFramework,Version=v4.7, .NETFramework,Version=v4.7.1, .NETFramework,Version=v4.7.2, .NETFramework,Version=v4.8, .NETFramework,Version=v4.8.1' instead of the project target framework 'net8.0'. This package may not be fully compatible with your project.
/home/runner/work/moto/moto/LMSA.Framework.UpdateVersion/LMSA.Framework.UpdateVersion.csproj : warning NU1608: Detected package version outside of dependency constraint: Common.Logging.Log4Net1213 3.4.1 requires Log4Net (= 2.0.3) but version log4net 3.2.0 was resolved.
/home/runner/work/moto/moto/LMSA.Framework.UpdateVersion/LMSA.Framework.UpdateVersion.csproj : warning NU1701: Package 'Common.Logging.Log4Net1213 3.4.1' was restored using '.NETFramework,Version=v4.6.1, .NETFramework,Version=v4.6.2, .NETFramework,Version=v4.7, .NETFramework,Version=v4.7.1, .NETFramework,Version=v4.7.2, .NETFramework,Version=v4.8, .NETFramework,Version=v4.8.1' instead of the project target framework 'net8.0'. This package may not be fully compatible with your project.
/home/runner/work/moto/moto/LMSA.Common.Utilities/LMSA.Common.Utilities.csproj : warning NU1608: Detected package version outside of dependency constraint: Common.Logging.Log4Net1213 3.4.1 requires Log4Net (= 2.0.3) but version log4net 3.2.0 was resolved.
/home/runner/work/moto/moto/LMSA.Common.Utilities/LMSA.Common.Utilities.csproj : warning NU1701: Package 'Common.Logging.Log4Net1213 3.4.1' was restored using '.NETFramework,Version=v4.6.1, .NETFramework,Version=v4.6.2, .NETFramework,Version=v4.7, .NETFramework,Version=v4.7.1, .NETFramework,Version=v4.7.2, .NETFramework,Version=v4.8, .NETFramework,Version=v4.8.1' instead of the project target framework 'net8.0'. This package may not be fully compatible with your project.
/home/runner/work/moto/moto/LMSA.Common/LMSA.Common.csproj : warning NU1608: Detected package version outside of dependency constraint: Common.Logging.Log4Net1213 3.4.1 requires Log4Net (= 2.0.3) but version log4net 3.2.0 was resolved.
/home/runner/work/moto/moto/LMSA.Common/LMSA.Common.csproj : warning NU1701: Package 'Common.Logging.Log4Net1213 3.4.1' was restored using '.NETFramework,Version=v4.6.1, .NETFramework,Version=v4.6.2, .NETFramework,Version=v4.7, .NETFramework,Version=v4.7.1, .NETFramework,Version=v4.7.2, .NETFramework,Version=v4.8, .NETFramework,Version=v4.8.1' instead of the project target framework 'net8.0'. This package may not be fully compatible with your project.
  LMSA.Common.Log -> /home/runner/work/moto/moto/LMSA.Common.Log/bin/Debug/net8.0/LMSA.Common.Log.dll
  LMSA.Framework.Pipes -> /home/runner/work/moto/moto/LMSA.Framework.Pipes/bin/Debug/net8.0/LMSA.Framework.Pipes.dll
/home/runner/work/moto/moto/LMSA.HostProxy/LMSA.HostProxy.csproj : warning NU1608: Detected package version outside of dependency constraint: Common.Logging.Log4Net1213 3.4.1 requires Log4Net (= 2.0.3) but version log4net 3.2.0 was resolved.
/home/runner/work/moto/moto/LMSA.HostProxy/LMSA.HostProxy.csproj : warning NU1701: Package 'Common.Logging.Log4Net1213 3.4.1' was restored using '.NETFramework,Version=v4.6.1, .NETFramework,Version=v4.6.2, .NETFramework,Version=v4.7, .NETFramework,Version=v4.7.1, .NETFramework,Version=v4.7.2, .NETFramework,Version=v4.8, .NETFramework,Version=v4.8.1' instead of the project target framework 'net8.0-windows7.0'. This package may not be fully compatible with your project.
/home/runner/work/moto/moto/LMSA.Framework.Socket/LMSA.Framework.Socket.csproj : warning NU1608: Detected package version outside of dependency constraint: Common.Logging.Log4Net1213 3.4.1 requires Log4Net (= 2.0.3) but version log4net 3.2.0 was resolved.
/home/runner/work/moto/moto/LMSA.Framework.Socket/LMSA.Framework.Socket.csproj : warning NU1701: Package 'Common.Logging.Log4Net1213 3.4.1' was restored using '.NETFramework,Version=v4.6.1, .NETFramework,Version=v4.6.2, .NETFramework,Version=v4.7, .NETFramework,Version=v4.7.1, .NETFramework,Version=v4.7.2, .NETFramework,Version=v4.8, .NETFramework,Version=v4.8.1' instead of the project target framework 'net8.0'. This package may not be fully compatible with your project.
/home/runner/work/moto/moto/LMSA.Plugins.Flash/LMSA.Plugins.Flash.csproj : warning NU1608: Detected package version outside of dependency constraint: Common.Logging.Log4Net1213 3.4.1 requires Log4Net (= 2.0.3) but version log4net 3.2.0 was resolved.
/home/runner/work/moto/moto/LMSA.Plugins.Flash/LMSA.Plugins.Flash.csproj : warning NU1701: Package 'Common.Logging.Log4Net1213 3.4.1' was restored using '.NETFramework,Version=v4.6.1, .NETFramework,Version=v4.6.2, .NETFramework,Version=v4.7, .NETFramework,Version=v4.7.1, .NETFramework,Version=v4.7.2, .NETFramework,Version=v4.8, .NETFramework,Version=v4.8.1' instead of the project target framework 'net8.0'. This package may not be fully compatible with your project.
  LMSA.Framework.Services -> /home/runner/work/moto/moto/LMSA.Framework.Services/bin/Debug/net8.0/LMSA.Framework.Services.dll
/home/runner/work/moto/moto/LMSA.Plugins.PhoneManager/LMSA.Plugins.PhoneManager.csproj : warning NU1608: Detected package version outside of dependency constraint: Common.Logging.Log4Net1213 3.4.1 requires Log4Net (= 2.0.3) but version log4net 3.2.0 was resolved.
/home/runner/work/moto/moto/LMSA.Plugins.PhoneManager/LMSA.Plugins.PhoneManager.csproj : warning NU1701: Package 'Common.Logging.Log4Net1213 3.4.1' was restored using '.NETFramework,Version=v4.6.1, .NETFramework,Version=v4.6.2, .NETFramework,Version=v4.7, .NETFramework,Version=v4.7.1, .NETFramework,Version=v4.7.2, .NETFramework,Version=v4.8, .NETFramework,Version=v4.8.1' instead of the project target framework 'net8.0'. This package may not be fully compatible with your project.
/home/runner/work/moto/moto/LMSA.Plugins.BackupRestore/LMSA.Plugins.BackupRestore.csproj : warning NU1608: Detected package version outside of dependency constraint: Common.Logging.Log4Net1213 3.4.1 requires Log4Net (= 2.0.3) but version log4net 3.2.0 was resolved.
/home/runner/work/moto/moto/LMSA.Plugins.BackupRestore/LMSA.Plugins.BackupRestore.csproj : warning NU1701: Package 'Common.Logging.Log4Net1213 3.4.1' was restored using '.NETFramework,Version=v4.6.1, .NETFramework,Version=v4.6.2, .NETFramework,Version=v4.7, .NETFramework,Version=v4.7.1, .NETFramework,Version=v4.7.2, .NETFramework,Version=v4.8, .NETFramework,Version=v4.8.1' instead of the project target framework 'net8.0'. This package may not be fully compatible with your project.
  LMSA.Themes -> /home/runner/work/moto/moto/LMSA.Themes/bin/Debug/net8.0/LMSA.Themes.dll
/home/runner/work/moto/moto/LMSA.Plugins.DataTransfer/LMSA.Plugins.DataTransfer.csproj : warning NU1608: Detected package version outside of dependency constraint: Common.Logging.Log4Net1213 3.4.1 requires Log4Net (= 2.0.3) but version log4net 3.2.0 was resolved.
/home/runner/work/moto/moto/LMSA.Plugins.DataTransfer/LMSA.Plugins.DataTransfer.csproj : warning NU1701: Package 'Common.Logging.Log4Net1213 3.4.1' was restored using '.NETFramework,Version=v4.6.1, .NETFramework,Version=v4.6.2, .NETFramework,Version=v4.7, .NETFramework,Version=v4.7.1, .NETFramework,Version=v4.7.2, .NETFramework,Version=v4.8, .NETFramework,Version=v4.8.1' instead of the project target framework 'net8.0'. This package may not be fully compatible with your project.
/home/runner/work/moto/moto/LMSA.Plugins.HardwareTest/LMSA.Plugins.HardwareTest.csproj : warning NU1608: Detected package version outside of dependency constraint: Common.Logging.Log4Net1213 3.4.1 requires Log4Net (= 2.0.3) but version log4net 3.2.0 was resolved.
/home/runner/work/moto/moto/LMSA.Plugins.HardwareTest/LMSA.Plugins.HardwareTest.csproj : warning NU1701: Package 'Common.Logging.Log4Net1213 3.4.1' was restored using '.NETFramework,Version=v4.6.1, .NETFramework,Version=v4.6.2, .NETFramework,Version=v4.7, .NETFramework,Version=v4.7.1, .NETFramework,Version=v4.7.2, .NETFramework,Version=v4.8, .NETFramework,Version=v4.8.1' instead of the project target framework 'net8.0'. This package may not be fully compatible with your project.
/home/runner/work/moto/moto/LMSA.Plugins.Support/LMSA.Plugins.Support.csproj : warning NU1608: Detected package version outside of dependency constraint: Common.Logging.Log4Net1213 3.4.1 requires Log4Net (= 2.0.3) but version log4net 3.2.0 was resolved.
/home/runner/work/moto/moto/LMSA.Plugins.Support/LMSA.Plugins.Support.csproj : warning NU1701: Package 'Common.Logging.Log4Net1213 3.4.1' was restored using '.NETFramework,Version=v4.6.1, .NETFramework,Version=v4.6.2, .NETFramework,Version=v4.7, .NETFramework,Version=v4.7.1, .NETFramework,Version=v4.7.2, .NETFramework,Version=v4.8, .NETFramework,Version=v4.8.1' instead of the project target framework 'net8.0'. This package may not be fully compatible with your project.
/home/runner/work/moto/moto/LMSA.Plugins.Toolbox/LMSA.Plugins.Toolbox.csproj : warning NU1608: Detected package version outside of dependency constraint: Common.Logging.Log4Net1213 3.4.1 requires Log4Net (= 2.0.3) but version log4net 3.2.0 was resolved.
/home/runner/work/moto/moto/LMSA.Plugins.Toolbox/LMSA.Plugins.Toolbox.csproj : warning NU1701: Package 'Common.Logging.Log4Net1213 3.4.1' was restored using '.NETFramework,Version=v4.6.1, .NETFramework,Version=v4.6.2, .NETFramework,Version=v4.7, .NETFramework,Version=v4.7.1, .NETFramework,Version=v4.7.2, .NETFramework,Version=v4.8, .NETFramework,Version=v4.8.1' instead of the project target framework 'net8.0'. This package may not be fully compatible with your project.
  LMSA.Common.Utilities -> /home/runner/work/moto/moto/LMSA.Common.Utilities/bin/Debug/net8.0/LMSA.Common.Utilities.dll
/home/runner/work/moto/moto/LMSA.Tests/LMSA.Tests.csproj : warning NU1608: Detected package version outside of dependency constraint: Common.Logging.Log4Net1213 3.4.1 requires Log4Net (= 2.0.3) but version log4net 3.2.0 was resolved.
/home/runner/work/moto/moto/LMSA.Tests/LMSA.Tests.csproj : warning NU1701: Package 'Common.Logging.Log4Net1213 3.4.1' was restored using '.NETFramework,Version=v4.6.1, .NETFramework,Version=v4.6.2, .NETFramework,Version=v4.7, .NETFramework,Version=v4.7.1, .NETFramework,Version=v4.7.2, .NETFramework,Version=v4.8, .NETFramework,Version=v4.8.1' instead of the project target framework 'net8.0'. This package may not be fully compatible with your project.
  LMSA.Plugins.DataTransfer -> /home/runner/work/moto/moto/LMSA.Plugins.DataTransfer/bin/Debug/net8.0/LMSA.Plugins.DataTransfer.dll
  LMSA.Plugins.Toolbox -> /home/runner/work/moto/moto/LMSA.Plugins.Toolbox/bin/Debug/net8.0/LMSA.Plugins.Toolbox.dll
  LMSA.Common.WebServices -> /home/runner/work/moto/moto/LMSA.Common.WebServices/bin/Debug/net8.0/LMSA.Common.WebServices.dll
  LMSA.Framework.SmartBase -> /home/runner/work/moto/moto/LMSA.Framework.SmartBase/bin/Debug/net8.0/LMSA.Framework.SmartBase.dll
  LMSA.Plugins.HardwareTest -> /home/runner/work/moto/moto/LMSA.Plugins.HardwareTest/bin/Debug/net8.0/LMSA.Plugins.HardwareTest.dll
  LMSA.Plugins.Support -> /home/runner/work/moto/moto/LMSA.Plugins.Support/bin/Debug/net8.0/LMSA.Plugins.Support.dll
  LMSA.Framework.Download -> /home/runner/work/moto/moto/LMSA.Framework.Download/bin/Debug/net8.0/LMSA.Framework.Download.dll
  LMSA.Common -> /home/runner/work/moto/moto/LMSA.Common/bin/Debug/net8.0/LMSA.Common.dll
  LMSA.Framework.HostController -> /home/runner/work/moto/moto/LMSA.Framework.HostController/bin/Debug/net8.0-windows/LMSA.Framework.HostController.dll
  LMSA.Plugins.BackupRestore -> /home/runner/work/moto/moto/LMSA.Plugins.BackupRestore/bin/Debug/net8.0/LMSA.Plugins.BackupRestore.dll
  LMSA.Plugins.PhoneManager -> /home/runner/work/moto/moto/LMSA.Plugins.PhoneManager/bin/Debug/net8.0/LMSA.Plugins.PhoneManager.dll
  LMSA.Framework.Language -> /home/runner/work/moto/moto/LMSA.Framework.Language/bin/Debug/net8.0-windows/LMSA.Framework.Language.dll
  LMSA.Framework.Socket -> /home/runner/work/moto/moto/LMSA.Framework.Socket/bin/Debug/net8.0/LMSA.Framework.Socket.dll
  LMSA.HostProxy -> /home/runner/work/moto/moto/LMSA.HostProxy/bin/Debug/net8.0-windows/LMSA.HostProxy.dll
  LMSA.Framework.DeviceManagement -> /home/runner/work/moto/moto/LMSA.Framework.DeviceManagement/bin/Debug/net8.0/LMSA.Framework.DeviceManagement.dll
/home/runner/work/moto/moto/LMSA.Framework.Resources/HttpWebRequestState.cs(38,9): warning CS8618: Non-nullable property 'Request' must contain a non-null value when exiting constructor. Consider adding the 'required' modifier or declaring the property as nullable. [/home/runner/work/moto/moto/LMSA.Framework.Resources/LMSA.Framework.Resources.csproj]
/home/runner/work/moto/moto/LMSA.Framework.Resources/HttpWebRequestState.cs(38,9): warning CS8618: Non-nullable property 'Response' must contain a non-null value when exiting constructor. Consider adding the 'required' modifier or declaring the property as nullable. [/home/runner/work/moto/moto/LMSA.Framework.Resources/LMSA.Framework.Resources.csproj]
/home/runner/work/moto/moto/LMSA.Framework.Resources/HttpWebRequestState.cs(38,9): warning CS8618: Non-nullable property 'FStream' must contain a non-null value when exiting constructor. Consider adding the 'required' modifier or declaring the property as nullable. [/home/runner/work/moto/moto/LMSA.Framework.Resources/LMSA.Framework.Resources.csproj]
/home/runner/work/moto/moto/LMSA.Framework.Resources/HttpWebRequestState.cs(38,9): warning CS8618: Non-nullable property 'DiskInfo' must contain a non-null value when exiting constructor. Consider adding the 'required' modifier or declaring the property as nullable. [/home/runner/work/moto/moto/LMSA.Framework.Resources/LMSA.Framework.Resources.csproj]
/home/runner/work/moto/moto/LMSA.Framework.Resources/HttpWebRequestState.cs(38,9): warning CS8618: Non-nullable property 'ResponseStream' must contain a non-null value when exiting constructor. Consider adding the 'required' modifier or declaring the property as nullable. [/home/runner/work/moto/moto/LMSA.Framework.Resources/LMSA.Framework.Resources.csproj]
/home/runner/work/moto/moto/LMSA.Framework.Resources/HttpWebRequestState.cs(38,9): warning CS8618: Non-nullable property 'WaitHandle' must contain a non-null value when exiting constructor. Consider adding the 'required' modifier or declaring the property as nullable. [/home/runner/work/moto/moto/LMSA.Framework.Resources/LMSA.Framework.Resources.csproj]
/home/runner/work/moto/moto/LMSA.Framework.Resources/DownloadWorker.cs(41,9): warning CS8618: Non-nullable field 'ReqState' must contain a non-null value when exiting constructor. Consider adding the 'required' modifier or declaring the field as nullable. [/home/runner/work/moto/moto/LMSA.Framework.Resources/LMSA.Framework.Resources.csproj]
/home/runner/work/moto/moto/LMSA.Framework.Resources/DownloadResourcesCompatible.cs(38,21): warning CS8601: Possible null reference assignment. [/home/runner/work/moto/moto/LMSA.Framework.Resources/LMSA.Framework.Resources.csproj]
/home/runner/work/moto/moto/LMSA.Framework.Resources/DownloadResourcesCompatible.cs(39,18): warning CS8601: Possible null reference assignment. [/home/runner/work/moto/moto/LMSA.Framework.Resources/LMSA.Framework.Resources.csproj]
/home/runner/work/moto/moto/LMSA.Framework.Resources/DownloadResourcesCompatible.cs(40,19): warning CS8601: Possible null reference assignment. [/home/runner/work/moto/moto/LMSA.Framework.Resources/LMSA.Framework.Resources.csproj]
/home/runner/work/moto/moto/LMSA.Framework.Resources/DownloadResourcesCompatible.cs(41,13): warning CS8601: Possible null reference assignment. [/home/runner/work/moto/moto/LMSA.Framework.Resources/LMSA.Framework.Resources.csproj]
/home/runner/work/moto/moto/LMSA.Framework.Resources/DownloadResourcesCompatible.cs(45,23): warning CS8601: Possible null reference assignment. [/home/runner/work/moto/moto/LMSA.Framework.Resources/LMSA.Framework.Resources.csproj]
/home/runner/work/moto/moto/LMSA.Framework.Resources/DownloadResourcesCompatible.cs(47,67): warning CS8604: Possible null reference argument for parameter 'value' in 'object Enum.Parse(Type enumType, string value)'. [/home/runner/work/moto/moto/LMSA.Framework.Resources/LMSA.Framework.Resources.csproj]
/home/runner/work/moto/moto/LMSA.Framework.Resources/DownloadResourcesCompatible.cs(48,16): warning CS8601: Possible null reference assignment. [/home/runner/work/moto/moto/LMSA.Framework.Resources/LMSA.Framework.Resources.csproj]
/home/runner/work/moto/moto/LMSA.Framework.Resources/DownloadWorker.cs(62,23): warning CS8625: Cannot convert null literal to non-nullable reference type. [/home/runner/work/moto/moto/LMSA.Framework.Resources/LMSA.Framework.Resources.csproj]
/home/runner/work/moto/moto/LMSA.Framework.Resources/FileDownloadManagerV6.cs(23,9): warning CS8618: Non-nullable event 'OnRemoteDownloadStatusChanged' must contain a non-null value when exiting constructor. Consider adding the 'required' modifier or declaring the event as nullable. [/home/runner/work/moto/moto/LMSA.Framework.Resources/LMSA.Framework.Resources.csproj]
/home/runner/work/moto/moto/LMSA.Framework.Resources/DownloadWorker.cs(137,24): warning CS8625: Cannot convert null literal to non-nullable reference type. [/home/runner/work/moto/moto/LMSA.Framework.Resources/LMSA.Framework.Resources.csproj]
/home/runner/work/moto/moto/LMSA.Framework.Resources/DownloadWorker.cs(162,4): warning CS8602: Dereference of a possibly null reference. [/home/runner/work/moto/moto/LMSA.Framework.Resources/LMSA.Framework.Resources.csproj]
/home/runner/work/moto/moto/LMSA.Framework.Resources/DownloadWorker.cs(162,38): warning CS8604: Possible null reference argument for parameter 'driveName' in 'DriveInfo.DriveInfo(string driveName)'. [/home/runner/work/moto/moto/LMSA.Framework.Resources/LMSA.Framework.Resources.csproj]
/home/runner/work/moto/moto/LMSA.Framework.Resources/Rsd.cs(137,14): warning CS8625: Cannot convert null literal to non-nullable reference type. [/home/runner/work/moto/moto/LMSA.Framework.Resources/LMSA.Framework.Resources.csproj]
/home/runner/work/moto/moto/LMSA.Framework.Resources/Rsd.cs(142,32): warning CS8600: Converting null literal or possible null value to non-nullable type. [/home/runner/work/moto/moto/LMSA.Framework.Resources/LMSA.Framework.Resources.csproj]
/home/runner/work/moto/moto/LMSA.Framework.Resources/Rsd.cs(158,14): warning CS8603: Possible null reference return. [/home/runner/work/moto/moto/LMSA.Framework.Resources/LMSA.Framework.Resources.csproj]
/home/runner/work/moto/moto/LMSA.Framework.Resources/Rsd.cs(163,11): warning CS8603: Possible null reference return. [/home/runner/work/moto/moto/LMSA.Framework.Resources/LMSA.Framework.Resources.csproj]
/home/runner/work/moto/moto/LMSA.Framework.Resources/Rsd.cs(168,11): warning CS8603: Possible null reference return. [/home/runner/work/moto/moto/LMSA.Framework.Resources/LMSA.Framework.Resources.csproj]
/home/runner/work/moto/moto/LMSA.Framework.Resources/FileDownloadManagerV6.cs(67,38): warning CS8625: Cannot convert null literal to non-nullable reference type. [/home/runner/work/moto/moto/LMSA.Framework.Resources/LMSA.Framework.Resources.csproj]
/home/runner/work/moto/moto/LMSA.Framework.Resources/FileDownloadManagerV6.cs(127,10): warning CS8603: Possible null reference return. [/home/runner/work/moto/moto/LMSA.Framework.Resources/LMSA.Framework.Resources.csproj]
/home/runner/work/moto/moto/LMSA.Framework.Resources/FileDownloadManagerV6.cs(147,11): warning CS8603: Possible null reference return. [/home/runner/work/moto/moto/LMSA.Framework.Resources/LMSA.Framework.Resources.csproj]
/home/runner/work/moto/moto/LMSA.Framework.Resources/Rsd.cs(217,15): warning CS8625: Cannot convert null literal to non-nullable reference type. [/home/runner/work/moto/moto/LMSA.Framework.Resources/LMSA.Framework.Resources.csproj]
/home/runner/work/moto/moto/LMSA.Framework.Resources/Rsd.cs(218,32): warning CS8600: Converting null literal or possible null value to non-nullable type. [/home/runner/work/moto/moto/LMSA.Framework.Resources/LMSA.Framework.Resources.csproj]
/home/runner/work/moto/moto/LMSA.Framework.Resources/Rsd.cs(221,70): warning CS8602: Dereference of a possibly null reference. [/home/runner/work/moto/moto/LMSA.Framework.Resources/LMSA.Framework.Resources.csproj]
/home/runner/work/moto/moto/LMSA.Framework.Resources/Rsd.cs(16,21): warning CS8618: Non-nullable field '_instance' must contain a non-null value when exiting constructor. Consider adding the 'required' modifier or declaring the field as nullable. [/home/runner/work/moto/moto/LMSA.Framework.Resources/LMSA.Framework.Resources.csproj]
/home/runner/work/moto/moto/LMSA.Framework.Resources/FileDownloadManagerV6.cs(167,33): warning CS8600: Converting null literal or possible null value to non-nullable type. [/home/runner/work/moto/moto/LMSA.Framework.Resources/LMSA.Framework.Resources.csproj]
/home/runner/work/moto/moto/LMSA.Framework.Resources/DownloadWorker.cs(359,43): warning CS0618: 'SecurityProtocolType.Ssl3' is obsolete: 'SecurityProtocolType.Ssl3 has been deprecated and is not supported.' [/home/runner/work/moto/moto/LMSA.Framework.Resources/LMSA.Framework.Resources.csproj]
/home/runner/work/moto/moto/LMSA.Framework.Resources/DownloadWorker.cs(361,52): warning SYSLIB0014: 'WebRequest.Create(Uri)' is obsolete: 'WebRequest, HttpWebRequest, ServicePoint, and WebClient are obsolete. Use HttpClient instead.' (https://aka.ms/dotnet-warnings/SYSLIB0014) [/home/runner/work/moto/moto/LMSA.Framework.Resources/LMSA.Framework.Resources.csproj]
/home/runner/work/moto/moto/LMSA.Framework.Resources/DownloadWorker.cs(370,38): warning CS8604: Possible null reference argument for parameter 'driveName' in 'DriveInfo.DriveInfo(string driveName)'. [/home/runner/work/moto/moto/LMSA.Framework.Resources/LMSA.Framework.Resources.csproj]
/home/runner/work/moto/moto/LMSA.Framework.Resources/DownloadWorker.cs(392,46): warning CS8600: Converting null literal or possible null value to non-nullable type. [/home/runner/work/moto/moto/LMSA.Framework.Resources/LMSA.Framework.Resources.csproj]
/home/runner/work/moto/moto/LMSA.Framework.Resources/DownloadWorker.cs(393,48): warning CS8602: Dereference of a possibly null reference. [/home/runner/work/moto/moto/LMSA.Framework.Resources/LMSA.Framework.Resources.csproj]
/home/runner/work/moto/moto/LMSA.Framework.Resources/DownloadWorker.cs(420,46): warning CS8600: Converting null literal or possible null value to non-nullable type. [/home/runner/work/moto/moto/LMSA.Framework.Resources/LMSA.Framework.Resources.csproj]
/home/runner/work/moto/moto/LMSA.Framework.Resources/DownloadWorker.cs(421,28): warning CS8602: Dereference of a possibly null reference. [/home/runner/work/moto/moto/LMSA.Framework.Resources/LMSA.Framework.Resources.csproj]
/home/runner/work/moto/moto/LMSA.Framework.Resources/DownloadWorker.cs(471,96): warning CS8622: Nullability of reference types in type of parameter 's' of 'anonymous method' doesn't match the target delegate 'WaitOrTimerCallback' (possibly because of nullability attributes). [/home/runner/work/moto/moto/LMSA.Framework.Resources/LMSA.Framework.Resources.csproj]
/home/runner/work/moto/moto/LMSA.Framework.Resources/DownloadWorker.cs(493,45): warning CS8600: Converting null literal or possible null value to non-nullable type. [/home/runner/work/moto/moto/LMSA.Framework.Resources/LMSA.Framework.Resources.csproj]
/home/runner/work/moto/moto/LMSA.Framework.Resources/DownloadWorker.cs(519,40): warning CS8600: Converting null literal or possible null value to non-nullable type. [/home/runner/work/moto/moto/LMSA.Framework.Resources/LMSA.Framework.Resources.csproj]
/home/runner/work/moto/moto/LMSA.Framework.Resources/DownloadWorker.cs(520,10): warning CS8602: Dereference of a possibly null reference. [/home/runner/work/moto/moto/LMSA.Framework.Resources/LMSA.Framework.Resources.csproj]
/home/runner/work/moto/moto/LMSA.Framework.Resources/DownloadWorker.cs(529,26): warning CS8625: Cannot convert null literal to non-nullable reference type. [/home/runner/work/moto/moto/LMSA.Framework.Resources/LMSA.Framework.Resources.csproj]
/home/runner/work/moto/moto/LMSA.Framework.Resources/DownloadWorker.cs(530,18): warning CS8625: Cannot convert null literal to non-nullable reference type. [/home/runner/work/moto/moto/LMSA.Framework.Resources/LMSA.Framework.Resources.csproj]
/home/runner/work/moto/moto/LMSA.Framework.Resources/DownloadWorker.cs(576,23): warning CS8625: Cannot convert null literal to non-nullable reference type. [/home/runner/work/moto/moto/LMSA.Framework.Resources/LMSA.Framework.Resources.csproj]
/home/runner/work/moto/moto/LMSA.Framework.Resources/DownloadWorker.cs(577,15): warning CS8625: Cannot convert null literal to non-nullable reference type. [/home/runner/work/moto/moto/LMSA.Framework.Resources/LMSA.Framework.Resources.csproj]
/home/runner/work/moto/moto/LMSA.Framework.Resources/DownloadWorker.cs(641,24): warning CS8625: Cannot convert null literal to non-nullable reference type. [/home/runner/work/moto/moto/LMSA.Framework.Resources/LMSA.Framework.Resources.csproj]
  LMSA.Framework.Resources -> /home/runner/work/moto/moto/LMSA.Framework.Resources/bin/Debug/net8.0/LMSA.Framework.Resources.dll
  LMSA.Framework.SmartDevice -> /home/runner/work/moto/moto/LMSA.Framework.SmartDevice/bin/Debug/net8.0/LMSA.Framework.SmartDevice.dll
  LMSA.Framework.UpdateVersion -> /home/runner/work/moto/moto/LMSA.Framework.UpdateVersion/bin/Debug/net8.0/LMSA.Framework.UpdateVersion.dll
  LMSA.Plugins.Flash -> /home/runner/work/moto/moto/LMSA.Plugins.Flash/bin/Debug/net8.0/LMSA.Plugins.Flash.dll
  LMSA.Tests -> /home/runner/work/moto/moto/LMSA.Tests/bin/Debug/net8.0/LMSA.Tests.dll

Build succeeded.

/home/runner/work/moto/moto/LMSA.Plugins.PhoneManager/LMSA.Plugins.PhoneManager.csproj : warning NU1608: Detected package version outside of dependency constraint: Common.Logging.Log4Net1213 3.4.1 requires Log4Net (= 2.0.3) but version log4net 3.2.0 was resolved. [/home/runner/work/moto/moto/LMSA.sln]
/home/runner/work/moto/moto/LMSA.Plugins.Support/LMSA.Plugins.Support.csproj : warning NU1608: Detected package version outside of dependency constraint: Common.Logging.Log4Net1213 3.4.1 requires Log4Net (= 2.0.3) but version log4net 3.2.0 was resolved. [/home/runner/work/moto/moto/LMSA.sln]
/home/runner/work/moto/moto/LMSA.Tests/LMSA.Tests.csproj : warning NU1608: Detected package version outside of dependency constraint: Common.Logging.Log4Net1213 3.4.1 requires Log4Net (= 2.0.3) but version log4net 3.2.0 was resolved. [/home/runner/work/moto/moto/LMSA.sln]
/home/runner/work/moto/moto/LMSA.Plugins.Toolbox/LMSA.Plugins.Toolbox.csproj : warning NU1608: Detected package version outside of dependency constraint: Common.Logging.Log4Net1213 3.4.1 requires Log4Net (= 2.0.3) but version log4net 3.2.0 was resolved. [/home/runner/work/moto/moto/LMSA.sln]
/home/runner/work/moto/moto/LMSA.Plugins.Support/LMSA.Plugins.Support.csproj : warning NU1701: Package 'Common.Logging.Log4Net1213 3.4.1' was restored using '.NETFramework,Version=v4.6.1, .NETFramework,Version=v4.6.2, .NETFramework,Version=v4.7, .NETFramework,Version=v4.7.1, .NETFramework,Version=v4.7.2, .NETFramework,Version=v4.8, .NETFramework,Version=v4.8.1' instead of the project target framework 'net8.0'. This package may not be fully compatible with your project. [/home/runner/work/moto/moto/LMSA.sln]
/home/runner/work/moto/moto/LMSA.Tests/LMSA.Tests.csproj : warning NU1701: Package 'Common.Logging.Log4Net1213 3.4.1' was restored using '.NETFramework,Version=v4.6.1, .NETFramework,Version=v4.6.2, .NETFramework,Version=v4.7, .NETFramework,Version=v4.7.1, .NETFramework,Version=v4.7.2, .NETFramework,Version=v4.8, .NETFramework,Version=v4.8.1' instead of the project target framework 'net8.0'. This package may not be fully compatible with your project. [/home/runner/work/moto/moto/LMSA.sln]
/home/runner/work/moto/moto/LMSA.Plugins.Toolbox/LMSA.Plugins.Toolbox.csproj : warning NU1701: Package 'Common.Logging.Log4Net1213 3.4.1' was restored using '.NETFramework,Version=v4.6.1, .NETFramework,Version=v4.6.2, .NETFramework,Version=v4.7, .NETFramework,Version=v4.7.1, .NETFramework,Version=v4.7.2, .NETFramework,Version=v4.8, .NETFramework,Version=v4.8.1' instead of the project target framework 'net8.0'. This package may not be fully compatible with your project. [/home/runner/work/moto/moto/LMSA.sln]
/home/runner/work/moto/moto/LMSA.Plugins.PhoneManager/LMSA.Plugins.PhoneManager.csproj : warning NU1701: Package 'Common.Logging.Log4Net1213 3.4.1' was restored using '.NETFramework,Version=v4.6.1, .NETFramework,Version=v4.6.2, .NETFramework,Version=v4.7, .NETFramework,Version=v4.7.1, .NETFramework,Version=v4.7.2, .NETFramework,Version=v4.8, .NETFramework,Version=v4.8.1' instead of the project target framework 'net8.0'. This package may not be fully compatible with your project. [/home/runner/work/moto/moto/LMSA.sln]
/home/runner/work/moto/moto/LMSA.Framework.Download/LMSA.Framework.Download.csproj : warning NU1608: Detected package version outside of dependency constraint: Common.Logging.Log4Net1213 3.4.1 requires Log4Net (= 2.0.3) but version log4net 3.2.0 was resolved. [/home/runner/work/moto/moto/LMSA.sln]
/home/runner/work/moto/moto/LMSA.Plugins.Flash/LMSA.Plugins.Flash.csproj : warning NU1608: Detected package version outside of dependency constraint: Common.Logging.Log4Net1213 3.4.1 requires Log4Net (= 2.0.3) but version log4net 3.2.0 was resolved. [/home/runner/work/moto/moto/LMSA.sln]
/home/runner/work/moto/moto/LMSA.Framework.Download/LMSA.Framework.Download.csproj : warning NU1701: Package 'Common.Logging.Log4Net1213 3.4.1' was restored using '.NETFramework,Version=v4.6.1, .NETFramework,Version=v4.6.2, .NETFramework,Version=v4.7, .NETFramework,Version=v4.7.1, .NETFramework,Version=v4.7.2, .NETFramework,Version=v4.8, .NETFramework,Version=v4.8.1' instead of the project target framework 'net8.0'. This package may not be fully compatible with your project. [/home/runner/work/moto/moto/LMSA.sln]
/home/runner/work/moto/moto/LMSA.Plugins.HardwareTest/LMSA.Plugins.HardwareTest.csproj : warning NU1608: Detected package version outside of dependency constraint: Common.Logging.Log4Net1213 3.4.1 requires Log4Net (= 2.0.3) but version log4net 3.2.0 was resolved. [/home/runner/work/moto/moto/LMSA.sln]
/home/runner/work/moto/moto/LMSA.Plugins.Flash/LMSA.Plugins.Flash.csproj : warning NU1701: Package 'Common.Logging.Log4Net1213 3.4.1' was restored using '.NETFramework,Version=v4.6.1, .NETFramework,Version=v4.6.2, .NETFramework,Version=v4.7, .NETFramework,Version=v4.7.1, .NETFramework,Version=v4.7.2, .NETFramework,Version=v4.8, .NETFramework,Version=v4.8.1' instead of the project target framework 'net8.0'. This package may not be fully compatible with your project. [/home/runner/work/moto/moto/LMSA.sln]
/home/runner/work/moto/moto/LMSA.Plugins.HardwareTest/LMSA.Plugins.HardwareTest.csproj : warning NU1701: Package 'Common.Logging.Log4Net1213 3.4.1' was restored using '.NETFramework,Version=v4.6.1, .NETFramework,Version=v4.6.2, .NETFramework,Version=v4.7, .NETFramework,Version=v4.7.1, .NETFramework,Version=v4.7.2, .NETFramework,Version=v4.8, .NETFramework,Version=v4.8.1' instead of the project target framework 'net8.0'. This package may not be fully compatible with your project. [/home/runner/work/moto/moto/LMSA.sln]
/home/runner/work/moto/moto/LMSA.Framework.DeviceManagement/LMSA.Framework.DeviceManagement.csproj : warning NU1608: Detected package version outside of dependency constraint: Common.Logging.Log4Net1213 3.4.1 requires Log4Net (= 2.0.3) but version log4net 3.2.0 was resolved. [/home/runner/work/moto/moto/LMSA.sln]
/home/runner/work/moto/moto/LMSA.Framework.DeviceManagement/LMSA.Framework.DeviceManagement.csproj : warning NU1701: Package 'Common.Logging.Log4Net1213 3.4.1' was restored using '.NETFramework,Version=v4.6.1, .NETFramework,Version=v4.6.2, .NETFramework,Version=v4.7, .NETFramework,Version=v4.7.1, .NETFramework,Version=v4.7.2, .NETFramework,Version=v4.8, .NETFramework,Version=v4.8.1' instead of the project target framework 'net8.0'. This package may not be fully compatible with your project. [/home/runner/work/moto/moto/LMSA.sln]
/home/runner/work/moto/moto/LMSA.Common/LMSA.Common.csproj : warning NU1608: Detected package version outside of dependency constraint: Common.Logging.Log4Net1213 3.4.1 requires Log4Net (= 2.0.3) but version log4net 3.2.0 was resolved. [/home/runner/work/moto/moto/LMSA.sln]
/home/runner/work/moto/moto/LMSA.Common/LMSA.Common.csproj : warning NU1701: Package 'Common.Logging.Log4Net1213 3.4.1' was restored using '.NETFramework,Version=v4.6.1, .NETFramework,Version=v4.6.2, .NETFramework,Version=v4.7, .NETFramework,Version=v4.7.1, .NETFramework,Version=v4.7.2, .NETFramework,Version=v4.8, .NETFramework,Version=v4.8.1' instead of the project target framework 'net8.0'. This package may not be fully compatible with your project. [/home/runner/work/moto/moto/LMSA.sln]
/home/runner/work/moto/moto/LMSA.Common.Utilities/LMSA.Common.Utilities.csproj : warning NU1608: Detected package version outside of dependency constraint: Common.Logging.Log4Net1213 3.4.1 requires Log4Net (= 2.0.3) but version log4net 3.2.0 was resolved. [/home/runner/work/moto/moto/LMSA.sln]
/home/runner/work/moto/moto/LMSA.Common.Utilities/LMSA.Common.Utilities.csproj : warning NU1701: Package 'Common.Logging.Log4Net1213 3.4.1' was restored using '.NETFramework,Version=v4.6.1, .NETFramework,Version=v4.6.2, .NETFramework,Version=v4.7, .NETFramework,Version=v4.7.1, .NETFramework,Version=v4.7.2, .NETFramework,Version=v4.8, .NETFramework,Version=v4.8.1' instead of the project target framework 'net8.0'. This package may not be fully compatible with your project. [/home/runner/work/moto/moto/LMSA.sln]
/home/runner/work/moto/moto/LMSA.Common.WebServices/LMSA.Common.WebServices.csproj : warning NU1608: Detected package version outside of dependency constraint: Common.Logging.Log4Net1213 3.4.1 requires Log4Net (= 2.0.3) but version log4net 3.2.0 was resolved. [/home/runner/work/moto/moto/LMSA.sln]
/home/runner/work/moto/moto/LMSA.Common.WebServices/LMSA.Common.WebServices.csproj : warning NU1701: Package 'Common.Logging.Log4Net1213 3.4.1' was restored using '.NETFramework,Version=v4.6.1, .NETFramework,Version=v4.6.2, .NETFramework,Version=v4.7, .NETFramework,Version=v4.7.1, .NETFramework,Version=v4.7.2, .NETFramework,Version=v4.8, .NETFramework,Version=v4.8.1' instead of the project target framework 'net8.0'. This package may not be fully compatible with your project. [/home/runner/work/moto/moto/LMSA.sln]
/home/runner/work/moto/moto/LMSA.Common.Log/LMSA.Common.Log.csproj : warning NU1608: Detected package version outside of dependency constraint: Common.Logging.Log4Net1213 3.4.1 requires Log4Net (= 2.0.3) but version log4net 3.2.0 was resolved. [/home/runner/work/moto/moto/LMSA.sln]
/home/runner/work/moto/moto/LMSA.Common.Log/LMSA.Common.Log.csproj : warning NU1701: Package 'Common.Logging.Log4Net1213 3.4.1' was restored using '.NETFramework,Version=v4.6.1, .NETFramework,Version=v4.6.2, .NETFramework,Version=v4.7, .NETFramework,Version=v4.7.1, .NETFramework,Version=v4.7.2, .NETFramework,Version=v4.8, .NETFramework,Version=v4.8.1' instead of the project target framework 'net8.0'. This package may not be fully compatible with your project. [/home/runner/work/moto/moto/LMSA.sln]
/home/runner/work/moto/moto/LMSA.Framework.SmartBase/LMSA.Framework.SmartBase.csproj : warning NU1608: Detected package version outside of dependency constraint: Common.Logging.Log4Net1213 3.4.1 requires Log4Net (= 2.0.3) but version log4net 3.2.0 was resolved. [/home/runner/work/moto/moto/LMSA.sln]
/home/runner/work/moto/moto/LMSA.Framework.SmartBase/LMSA.Framework.SmartBase.csproj : warning NU1701: Package 'Common.Logging.Log4Net1213 3.4.1' was restored using '.NETFramework,Version=v4.6.1, .NETFramework,Version=v4.6.2, .NETFramework,Version=v4.7, .NETFramework,Version=v4.7.1, .NETFramework,Version=v4.7.2, .NETFramework,Version=v4.8, .NETFramework,Version=v4.8.1' instead of the project target framework 'net8.0'. This package may not be fully compatible with your project. [/home/runner/work/moto/moto/LMSA.sln]
/home/runner/work/moto/moto/LMSA.Framework.Services/LMSA.Framework.Services.csproj : warning NU1608: Detected package version outside of dependency constraint: Common.Logging.Log4Net1213 3.4.1 requires Log4Net (= 2.0.3) but version log4net 3.2.0 was resolved. [/home/runner/work/moto/moto/LMSA.sln]
/home/runner/work/moto/moto/LMSA.Framework.Services/LMSA.Framework.Services.csproj : warning NU1701: Package 'Common.Logging.Log4Net1213 3.4.1' was restored using '.NETFramework,Version=v4.6.1, .NETFramework,Version=v4.6.2, .NETFramework,Version=v4.7, .NETFramework,Version=v4.7.1, .NETFramework,Version=v4.7.2, .NETFramework,Version=v4.8, .NETFramework,Version=v4.8.1' instead of the project target framework 'net8.0'. This package may not be fully compatible with your project. [/home/runner/work/moto/moto/LMSA.sln]
/home/runner/work/moto/moto/LMSA.Plugins.DataTransfer/LMSA.Plugins.DataTransfer.csproj : warning NU1608: Detected package version outside of dependency constraint: Common.Logging.Log4Net1213 3.4.1 requires Log4Net (= 2.0.3) but version log4net 3.2.0 was resolved. [/home/runner/work/moto/moto/LMSA.sln]
/home/runner/work/moto/moto/LMSA.Plugins.DataTransfer/LMSA.Plugins.DataTransfer.csproj : warning NU1701: Package 'Common.Logging.Log4Net1213 3.4.1' was restored using '.NETFramework,Version=v4.6.1, .NETFramework,Version=v4.6.2, .NETFramework,Version=v4.7, .NETFramework,Version=v4.7.1, .NETFramework,Version=v4.7.2, .NETFramework,Version=v4.8, .NETFramework,Version=v4.8.1' instead of the project target framework 'net8.0'. This package may not be fully compatible with your project. [/home/runner/work/moto/moto/LMSA.sln]
/home/runner/work/moto/moto/LMSA.Plugins.BackupRestore/LMSA.Plugins.BackupRestore.csproj : warning NU1608: Detected package version outside of dependency constraint: Common.Logging.Log4Net1213 3.4.1 requires Log4Net (= 2.0.3) but version log4net 3.2.0 was resolved. [/home/runner/work/moto/moto/LMSA.sln]
/home/runner/work/moto/moto/LMSA.Plugins.BackupRestore/LMSA.Plugins.BackupRestore.csproj : warning NU1701: Package 'Common.Logging.Log4Net1213 3.4.1' was restored using '.NETFramework,Version=v4.6.1, .NETFramework,Version=v4.6.2, .NETFramework,Version=v4.7, .NETFramework,Version=v4.7.1, .NETFramework,Version=v4.7.2, .NETFramework,Version=v4.8, .NETFramework,Version=v4.8.1' instead of the project target framework 'net8.0'. This package may not be fully compatible with your project. [/home/runner/work/moto/moto/LMSA.sln]
/home/runner/work/moto/moto/LMSA.Framework.HostController/LMSA.Framework.HostController.csproj : warning NU1608: Detected package version outside of dependency constraint: Common.Logging.Log4Net1213 3.4.1 requires Log4Net (= 2.0.3) but version log4net 3.2.0 was resolved. [/home/runner/work/moto/moto/LMSA.sln]
/home/runner/work/moto/moto/LMSA.Framework.HostController/LMSA.Framework.HostController.csproj : warning NU1701: Package 'Common.Logging.Log4Net1213 3.4.1' was restored using '.NETFramework,Version=v4.6.1, .NETFramework,Version=v4.6.2, .NETFramework,Version=v4.7, .NETFramework,Version=v4.7.1, .NETFramework,Version=v4.7.2, .NETFramework,Version=v4.8, .NETFramework,Version=v4.8.1' instead of the project target framework 'net8.0-windows7.0'. This package may not be fully compatible with your project. [/home/runner/work/moto/moto/LMSA.sln]
/home/runner/work/moto/moto/LMSA.Framework.Language/LMSA.Framework.Language.csproj : warning NU1608: Detected package version outside of dependency constraint: Common.Logging.Log4Net1213 3.4.1 requires Log4Net (= 2.0.3) but version log4net 3.2.0 was resolved. [/home/runner/work/moto/moto/LMSA.sln]
/home/runner/work/moto/moto/LMSA.Framework.Language/LMSA.Framework.Language.csproj : warning NU1701: Package 'Common.Logging.Log4Net1213 3.4.1' was restored using '.NETFramework,Version=v4.6.1, .NETFramework,Version=v4.6.2, .NETFramework,Version=v4.7, .NETFramework,Version=v4.7.1, .NETFramework,Version=v4.7.2, .NETFramework,Version=v4.8, .NETFramework,Version=v4.8.1' instead of the project target framework 'net8.0-windows7.0'. This package may not be fully compatible with your project. [/home/runner/work/moto/moto/LMSA.sln]
/home/runner/work/moto/moto/LMSA.HostProxy/LMSA.HostProxy.csproj : warning NU1608: Detected package version outside of dependency constraint: Common.Logging.Log4Net1213 3.4.1 requires Log4Net (= 2.0.3) but version log4net 3.2.0 was resolved. [/home/runner/work/moto/moto/LMSA.sln]
/home/runner/work/moto/moto/LMSA.HostProxy/LMSA.HostProxy.csproj : warning NU1701: Package 'Common.Logging.Log4Net1213 3.4.1' was restored using '.NETFramework,Version=v4.6.1, .NETFramework,Version=v4.6.2, .NETFramework,Version=v4.7, .NETFramework,Version=v4.7.1, .NETFramework,Version=v4.7.2, .NETFramework,Version=v4.8, .NETFramework,Version=v4.8.1' instead of the project target framework 'net8.0-windows7.0'. This package may not be fully compatible with your project. [/home/runner/work/moto/moto/LMSA.sln]
/home/runner/work/moto/moto/LMSA.Framework.Socket/LMSA.Framework.Socket.csproj : warning NU1608: Detected package version outside of dependency constraint: Common.Logging.Log4Net1213 3.4.1 requires Log4Net (= 2.0.3) but version log4net 3.2.0 was resolved. [/home/runner/work/moto/moto/LMSA.sln]
/home/runner/work/moto/moto/LMSA.Framework.Socket/LMSA.Framework.Socket.csproj : warning NU1701: Package 'Common.Logging.Log4Net1213 3.4.1' was restored using '.NETFramework,Version=v4.6.1, .NETFramework,Version=v4.6.2, .NETFramework,Version=v4.7, .NETFramework,Version=v4.7.1, .NETFramework,Version=v4.7.2, .NETFramework,Version=v4.8, .NETFramework,Version=v4.8.1' instead of the project target framework 'net8.0'. This package may not be fully compatible with your project. [/home/runner/work/moto/moto/LMSA.sln]
/home/runner/work/moto/moto/LMSA.Framework.UpdateVersion/LMSA.Framework.UpdateVersion.csproj : warning NU1608: Detected package version outside of dependency constraint: Common.Logging.Log4Net1213 3.4.1 requires Log4Net (= 2.0.3) but version log4net 3.2.0 was resolved. [/home/runner/work/moto/moto/LMSA.sln]
/home/runner/work/moto/moto/LMSA.Framework.UpdateVersion/LMSA.Framework.UpdateVersion.csproj : warning NU1701: Package 'Common.Logging.Log4Net1213 3.4.1' was restored using '.NETFramework,Version=v4.6.1, .NETFramework,Version=v4.6.2, .NETFramework,Version=v4.7, .NETFramework,Version=v4.7.1, .NETFramework,Version=v4.7.2, .NETFramework,Version=v4.8, .NETFramework,Version=v4.8.1' instead of the project target framework 'net8.0'. This package may not be fully compatible with your project. [/home/runner/work/moto/moto/LMSA.sln]
/home/runner/work/moto/moto/LMSA.Framework.SmartDevice/LMSA.Framework.SmartDevice.csproj : warning NU1608: Detected package version outside of dependency constraint: Common.Logging.Log4Net1213 3.4.1 requires Log4Net (= 2.0.3) but version log4net 3.2.0 was resolved. [/home/runner/work/moto/moto/LMSA.sln]
/home/runner/work/moto/moto/LMSA.Framework.SmartDevice/LMSA.Framework.SmartDevice.csproj : warning NU1701: Package 'Common.Logging.Log4Net1213 3.4.1' was restored using '.NETFramework,Version=v4.6.1, .NETFramework,Version=v4.6.2, .NETFramework,Version=v4.7, .NETFramework,Version=v4.7.1, .NETFramework,Version=v4.7.2, .NETFramework,Version=v4.8, .NETFramework,Version=v4.8.1' instead of the project target framework 'net8.0'. This package may not be fully compatible with your project. [/home/runner/work/moto/moto/LMSA.sln]
/home/runner/work/moto/moto/LMSA.Framework.Resources/LMSA.Framework.Resources.csproj : warning NU1608: Detected package version outside of dependency constraint: Common.Logging.Log4Net1213 3.4.1 requires Log4Net (= 2.0.3) but version log4net 3.2.0 was resolved. [/home/runner/work/moto/moto/LMSA.sln]
/home/runner/work/moto/moto/LMSA.Framework.Resources/LMSA.Framework.Resources.csproj : warning NU1701: Package 'Common.Logging.Log4Net1213 3.4.1' was restored using '.NETFramework,Version=v4.6.1, .NETFramework,Version=v4.6.2, .NETFramework,Version=v4.7, .NETFramework,Version=v4.7.1, .NETFramework,Version=v4.7.2, .NETFramework,Version=v4.8, .NETFramework,Version=v4.8.1' instead of the project target framework 'net8.0'. This package may not be fully compatible with your project. [/home/runner/work/moto/moto/LMSA.sln]
/home/runner/work/moto/moto/LMSA.Framework.Download/LMSA.Framework.Download.csproj : warning NU1608: Detected package version outside of dependency constraint: Common.Logging.Log4Net1213 3.4.1 requires Log4Net (= 2.0.3) but version log4net 3.2.0 was resolved.
/home/runner/work/moto/moto/LMSA.Framework.Download/LMSA.Framework.Download.csproj : warning NU1701: Package 'Common.Logging.Log4Net1213 3.4.1' was restored using '.NETFramework,Version=v4.6.1, .NETFramework,Version=v4.6.2, .NETFramework,Version=v4.7, .NETFramework,Version=v4.7.1, .NETFramework,Version=v4.7.2, .NETFramework,Version=v4.8, .NETFramework,Version=v4.8.1' instead of the project target framework 'net8.0'. This package may not be fully compatible with your project.
/home/runner/work/moto/moto/LMSA.Framework.Services/LMSA.Framework.Services.csproj : warning NU1608: Detected package version outside of dependency constraint: Common.Logging.Log4Net1213 3.4.1 requires Log4Net (= 2.0.3) but version log4net 3.2.0 was resolved.
/home/runner/work/moto/moto/LMSA.Framework.Services/LMSA.Framework.Services.csproj : warning NU1701: Package 'Common.Logging.Log4Net1213 3.4.1' was restored using '.NETFramework,Version=v4.6.1, .NETFramework,Version=v4.6.2, .NETFramework,Version=v4.7, .NETFramework,Version=v4.7.1, .NETFramework,Version=v4.7.2, .NETFramework,Version=v4.8, .NETFramework,Version=v4.8.1' instead of the project target framework 'net8.0'. This package may not be fully compatible with your project.
/home/runner/work/moto/moto/LMSA.Framework.SmartDevice/LMSA.Framework.SmartDevice.csproj : warning NU1608: Detected package version outside of dependency constraint: Common.Logging.Log4Net1213 3.4.1 requires Log4Net (= 2.0.3) but version log4net 3.2.0 was resolved.
/home/runner/work/moto/moto/LMSA.Framework.SmartDevice/LMSA.Framework.SmartDevice.csproj : warning NU1701: Package 'Common.Logging.Log4Net1213 3.4.1' was restored using '.NETFramework,Version=v4.6.1, .NETFramework,Version=v4.6.2, .NETFramework,Version=v4.7, .NETFramework,Version=v4.7.1, .NETFramework,Version=v4.7.2, .NETFramework,Version=v4.8, .NETFramework,Version=v4.8.1' instead of the project target framework 'net8.0'. This package may not be fully compatible with your project.
/home/runner/work/moto/moto/LMSA.Framework.DeviceManagement/LMSA.Framework.DeviceManagement.csproj : warning NU1608: Detected package version outside of dependency constraint: Common.Logging.Log4Net1213 3.4.1 requires Log4Net (= 2.0.3) but version log4net 3.2.0 was resolved.
/home/runner/work/moto/moto/LMSA.Framework.DeviceManagement/LMSA.Framework.DeviceManagement.csproj : warning NU1701: Package 'Common.Logging.Log4Net1213 3.4.1' was restored using '.NETFramework,Version=v4.6.1, .NETFramework,Version=v4.6.2, .NETFramework,Version=v4.7, .NETFramework,Version=v4.7.1, .NETFramework,Version=v4.7.2, .NETFramework,Version=v4.8, .NETFramework,Version=v4.8.1' instead of the project target framework 'net8.0'. This package may not be fully compatible with your project.
/home/runner/work/moto/moto/LMSA.Framework.HostController/LMSA.Framework.HostController.csproj : warning NU1608: Detected package version outside of dependency constraint: Common.Logging.Log4Net1213 3.4.1 requires Log4Net (= 2.0.3) but version log4net 3.2.0 was resolved.
/home/runner/work/moto/moto/LMSA.Framework.HostController/LMSA.Framework.HostController.csproj : warning NU1701: Package 'Common.Logging.Log4Net1213 3.4.1' was restored using '.NETFramework,Version=v4.6.1, .NETFramework,Version=v4.6.2, .NETFramework,Version=v4.7, .NETFramework,Version=v4.7.1, .NETFramework,Version=v4.7.2, .NETFramework,Version=v4.8, .NETFramework,Version=v4.8.1' instead of the project target framework 'net8.0-windows7.0'. This package may not be fully compatible with your project.
/home/runner/work/moto/moto/LMSA.Framework.Language/LMSA.Framework.Language.csproj : warning NU1608: Detected package version outside of dependency constraint: Common.Logging.Log4Net1213 3.4.1 requires Log4Net (= 2.0.3) but version log4net 3.2.0 was resolved.
/home/runner/work/moto/moto/LMSA.Framework.Language/LMSA.Framework.Language.csproj : warning NU1701: Package 'Common.Logging.Log4Net1213 3.4.1' was restored using '.NETFramework,Version=v4.6.1, .NETFramework,Version=v4.6.2, .NETFramework,Version=v4.7, .NETFramework,Version=v4.7.1, .NETFramework,Version=v4.7.2, .NETFramework,Version=v4.8, .NETFramework,Version=v4.8.1' instead of the project target framework 'net8.0-windows7.0'. This package may not be fully compatible with your project.
/home/runner/work/moto/moto/LMSA.Common.Log/LMSA.Common.Log.csproj : warning NU1608: Detected package version outside of dependency constraint: Common.Logging.Log4Net1213 3.4.1 requires Log4Net (= 2.0.3) but version log4net 3.2.0 was resolved.
/home/runner/work/moto/moto/LMSA.Common.Log/LMSA.Common.Log.csproj : warning NU1701: Package 'Common.Logging.Log4Net1213 3.4.1' was restored using '.NETFramework,Version=v4.6.1, .NETFramework,Version=v4.6.2, .NETFramework,Version=v4.7, .NETFramework,Version=v4.7.1, .NETFramework,Version=v4.7.2, .NETFramework,Version=v4.8, .NETFramework,Version=v4.8.1' instead of the project target framework 'net8.0'. This package may not be fully compatible with your project.
/home/runner/work/moto/moto/LMSA.Framework.Resources/LMSA.Framework.Resources.csproj : warning NU1608: Detected package version outside of dependency constraint: Common.Logging.Log4Net1213 3.4.1 requires Log4Net (= 2.0.3) but version log4net 3.2.0 was resolved.
/home/runner/work/moto/moto/LMSA.Framework.Resources/LMSA.Framework.Resources.csproj : warning NU1701: Package 'Common.Logging.Log4Net1213 3.4.1' was restored using '.NETFramework,Version=v4.6.1, .NETFramework,Version=v4.6.2, .NETFramework,Version=v4.7, .NETFramework,Version=v4.7.1, .NETFramework,Version=v4.7.2, .NETFramework,Version=v4.8, .NETFramework,Version=v4.8.1' instead of the project target framework 'net8.0'. This package may not be fully compatible with your project.
/home/runner/work/moto/moto/LMSA.Framework.SmartBase/LMSA.Framework.SmartBase.csproj : warning NU1608: Detected package version outside of dependency constraint: Common.Logging.Log4Net1213 3.4.1 requires Log4Net (= 2.0.3) but version log4net 3.2.0 was resolved.
/home/runner/work/moto/moto/LMSA.Framework.SmartBase/LMSA.Framework.SmartBase.csproj : warning NU1701: Package 'Common.Logging.Log4Net1213 3.4.1' was restored using '.NETFramework,Version=v4.6.1, .NETFramework,Version=v4.6.2, .NETFramework,Version=v4.7, .NETFramework,Version=v4.7.1, .NETFramework,Version=v4.7.2, .NETFramework,Version=v4.8, .NETFramework,Version=v4.8.1' instead of the project target framework 'net8.0'. This package may not be fully compatible with your project.
/home/runner/work/moto/moto/LMSA.Common.WebServices/LMSA.Common.WebServices.csproj : warning NU1608: Detected package version outside of dependency constraint: Common.Logging.Log4Net1213 3.4.1 requires Log4Net (= 2.0.3) but version log4net 3.2.0 was resolved.
/home/runner/work/moto/moto/LMSA.Common.WebServices/LMSA.Common.WebServices.csproj : warning NU1701: Package 'Common.Logging.Log4Net1213 3.4.1' was restored using '.NETFramework,Version=v4.6.1, .NETFramework,Version=v4.6.2, .NETFramework,Version=v4.7, .NETFramework,Version=v4.7.1, .NETFramework,Version=v4.7.2, .NETFramework,Version=v4.8, .NETFramework,Version=v4.8.1' instead of the project target framework 'net8.0'. This package may not be fully compatible with your project.
/home/runner/work/moto/moto/LMSA.Framework.UpdateVersion/LMSA.Framework.UpdateVersion.csproj : warning NU1608: Detected package version outside of dependency constraint: Common.Logging.Log4Net1213 3.4.1 requires Log4Net (= 2.0.3) but version log4net 3.2.0 was resolved.
/home/runner/work/moto/moto/LMSA.Framework.UpdateVersion/LMSA.Framework.UpdateVersion.csproj : warning NU1701: Package 'Common.Logging.Log4Net1213 3.4.1' was restored using '.NETFramework,Version=v4.6.1, .NETFramework,Version=v4.6.2, .NETFramework,Version=v4.7, .NETFramework,Version=v4.7.1, .NETFramework,Version=v4.7.2, .NETFramework,Version=v4.8, .NETFramework,Version=v4.8.1' instead of the project target framework 'net8.0'. This package may not be fully compatible with your project.
/home/runner/work/moto/moto/LMSA.Common.Utilities/LMSA.Common.Utilities.csproj : warning NU1608: Detected package version outside of dependency constraint: Common.Logging.Log4Net1213 3.4.1 requires Log4Net (= 2.0.3) but version log4net 3.2.0 was resolved.
/home/runner/work/moto/moto/LMSA.Common.Utilities/LMSA.Common.Utilities.csproj : warning NU1701: Package 'Common.Logging.Log4Net1213 3.4.1' was restored using '.NETFramework,Version=v4.6.1, .NETFramework,Version=v4.6.2, .NETFramework,Version=v4.7, .NETFramework,Version=v4.7.1, .NETFramework,Version=v4.7.2, .NETFramework,Version=v4.8, .NETFramework,Version=v4.8.1' instead of the project target framework 'net8.0'. This package may not be fully compatible with your project.
/home/runner/work/moto/moto/LMSA.Common/LMSA.Common.csproj : warning NU1608: Detected package version outside of dependency constraint: Common.Logging.Log4Net1213 3.4.1 requires Log4Net (= 2.0.3) but version log4net 3.2.0 was resolved.
/home/runner/work/moto/moto/LMSA.Common/LMSA.Common.csproj : warning NU1701: Package 'Common.Logging.Log4Net1213 3.4.1' was restored using '.NETFramework,Version=v4.6.1, .NETFramework,Version=v4.6.2, .NETFramework,Version=v4.7, .NETFramework,Version=v4.7.1, .NETFramework,Version=v4.7.2, .NETFramework,Version=v4.8, .NETFramework,Version=v4.8.1' instead of the project target framework 'net8.0'. This package may not be fully compatible with your project.
/home/runner/work/moto/moto/LMSA.HostProxy/LMSA.HostProxy.csproj : warning NU1608: Detected package version outside of dependency constraint: Common.Logging.Log4Net1213 3.4.1 requires Log4Net (= 2.0.3) but version log4net 3.2.0 was resolved.
/home/runner/work/moto/moto/LMSA.HostProxy/LMSA.HostProxy.csproj : warning NU1701: Package 'Common.Logging.Log4Net1213 3.4.1' was restored using '.NETFramework,Version=v4.6.1, .NETFramework,Version=v4.6.2, .NETFramework,Version=v4.7, .NETFramework,Version=v4.7.1, .NETFramework,Version=v4.7.2, .NETFramework,Version=v4.8, .NETFramework,Version=v4.8.1' instead of the project target framework 'net8.0-windows7.0'. This package may not be fully compatible with your project.
/home/runner/work/moto/moto/LMSA.Framework.Socket/LMSA.Framework.Socket.csproj : warning NU1608: Detected package version outside of dependency constraint: Common.Logging.Log4Net1213 3.4.1 requires Log4Net (= 2.0.3) but version log4net 3.2.0 was resolved.
/home/runner/work/moto/moto/LMSA.Framework.Socket/LMSA.Framework.Socket.csproj : warning NU1701: Package 'Common.Logging.Log4Net1213 3.4.1' was restored using '.NETFramework,Version=v4.6.1, .NETFramework,Version=v4.6.2, .NETFramework,Version=v4.7, .NETFramework,Version=v4.7.1, .NETFramework,Version=v4.7.2, .NETFramework,Version=v4.8, .NETFramework,Version=v4.8.1' instead of the project target framework 'net8.0'. This package may not be fully compatible with your project.
/home/runner/work/moto/moto/LMSA.Plugins.Flash/LMSA.Plugins.Flash.csproj : warning NU1608: Detected package version outside of dependency constraint: Common.Logging.Log4Net1213 3.4.1 requires Log4Net (= 2.0.3) but version log4net 3.2.0 was resolved.
/home/runner/work/moto/moto/LMSA.Plugins.Flash/LMSA.Plugins.Flash.csproj : warning NU1701: Package 'Common.Logging.Log4Net1213 3.4.1' was restored using '.NETFramework,Version=v4.6.1, .NETFramework,Version=v4.6.2, .NETFramework,Version=v4.7, .NETFramework,Version=v4.7.1, .NETFramework,Version=v4.7.2, .NETFramework,Version=v4.8, .NETFramework,Version=v4.8.1' instead of the project target framework 'net8.0'. This package may not be fully compatible with your project.
/home/runner/work/moto/moto/LMSA.Plugins.PhoneManager/LMSA.Plugins.PhoneManager.csproj : warning NU1608: Detected package version outside of dependency constraint: Common.Logging.Log4Net1213 3.4.1 requires Log4Net (= 2.0.3) but version log4net 3.2.0 was resolved.
/home/runner/work/moto/moto/LMSA.Plugins.PhoneManager/LMSA.Plugins.PhoneManager.csproj : warning NU1701: Package 'Common.Logging.Log4Net1213 3.4.1' was restored using '.NETFramework,Version=v4.6.1, .NETFramework,Version=v4.6.2, .NETFramework,Version=v4.7, .NETFramework,Version=v4.7.1, .NETFramework,Version=v4.7.2, .NETFramework,Version=v4.8, .NETFramework,Version=v4.8.1' instead of the project target framework 'net8.0'. This package may not be fully compatible with your project.
/home/runner/work/moto/moto/LMSA.Plugins.BackupRestore/LMSA.Plugins.BackupRestore.csproj : warning NU1608: Detected package version outside of dependency constraint: Common.Logging.Log4Net1213 3.4.1 requires Log4Net (= 2.0.3) but version log4net 3.2.0 was resolved.
/home/runner/work/moto/moto/LMSA.Plugins.BackupRestore/LMSA.Plugins.BackupRestore.csproj : warning NU1701: Package 'Common.Logging.Log4Net1213 3.4.1' was restored using '.NETFramework,Version=v4.6.1, .NETFramework,Version=v4.6.2, .NETFramework,Version=v4.7, .NETFramework,Version=v4.7.1, .NETFramework,Version=v4.7.2, .NETFramework,Version=v4.8, .NETFramework,Version=v4.8.1' instead of the project target framework 'net8.0'. This package may not be fully compatible with your project.
/home/runner/work/moto/moto/LMSA.Plugins.DataTransfer/LMSA.Plugins.DataTransfer.csproj : warning NU1608: Detected package version outside of dependency constraint: Common.Logging.Log4Net1213 3.4.1 requires Log4Net (= 2.0.3) but version log4net 3.2.0 was resolved.
/home/runner/work/moto/moto/LMSA.Plugins.DataTransfer/LMSA.Plugins.DataTransfer.csproj : warning NU1701: Package 'Common.Logging.Log4Net1213 3.4.1' was restored using '.NETFramework,Version=v4.6.1, .NETFramework,Version=v4.6.2, .NETFramework,Version=v4.7, .NETFramework,Version=v4.7.1, .NETFramework,Version=v4.7.2, .NETFramework,Version=v4.8, .NETFramework,Version=v4.8.1' instead of the project target framework 'net8.0'. This package may not be fully compatible with your project.
/home/runner/work/moto/moto/LMSA.Plugins.HardwareTest/LMSA.Plugins.HardwareTest.csproj : warning NU1608: Detected package version outside of dependency constraint: Common.Logging.Log4Net1213 3.4.1 requires Log4Net (= 2.0.3) but version log4net 3.2.0 was resolved.
/home/runner/work/moto/moto/LMSA.Plugins.HardwareTest/LMSA.Plugins.HardwareTest.csproj : warning NU1701: Package 'Common.Logging.Log4Net1213 3.4.1' was restored using '.NETFramework,Version=v4.6.1, .NETFramework,Version=v4.6.2, .NETFramework,Version=v4.7, .NETFramework,Version=v4.7.1, .NETFramework,Version=v4.7.2, .NETFramework,Version=v4.8, .NETFramework,Version=v4.8.1' instead of the project target framework 'net8.0'. This package may not be fully compatible with your project.
/home/runner/work/moto/moto/LMSA.Plugins.Support/LMSA.Plugins.Support.csproj : warning NU1608: Detected package version outside of dependency constraint: Common.Logging.Log4Net1213 3.4.1 requires Log4Net (= 2.0.3) but version log4net 3.2.0 was resolved.
/home/runner/work/moto/moto/LMSA.Plugins.Support/LMSA.Plugins.Support.csproj : warning NU1701: Package 'Common.Logging.Log4Net1213 3.4.1' was restored using '.NETFramework,Version=v4.6.1, .NETFramework,Version=v4.6.2, .NETFramework,Version=v4.7, .NETFramework,Version=v4.7.1, .NETFramework,Version=v4.7.2, .NETFramework,Version=v4.8, .NETFramework,Version=v4.8.1' instead of the project target framework 'net8.0'. This package may not be fully compatible with your project.
/home/runner/work/moto/moto/LMSA.Plugins.Toolbox/LMSA.Plugins.Toolbox.csproj : warning NU1608: Detected package version outside of dependency constraint: Common.Logging.Log4Net1213 3.4.1 requires Log4Net (= 2.0.3) but version log4net 3.2.0 was resolved.
/home/runner/work/moto/moto/LMSA.Plugins.Toolbox/LMSA.Plugins.Toolbox.csproj : warning NU1701: Package 'Common.Logging.Log4Net1213 3.4.1' was restored using '.NETFramework,Version=v4.6.1, .NETFramework,Version=v4.6.2, .NETFramework,Version=v4.7, .NETFramework,Version=v4.7.1, .NETFramework,Version=v4.7.2, .NETFramework,Version=v4.8, .NETFramework,Version=v4.8.1' instead of the project target framework 'net8.0'. This package may not be fully compatible with your project.
/home/runner/work/moto/moto/LMSA.Tests/LMSA.Tests.csproj : warning NU1608: Detected package version outside of dependency constraint: Common.Logging.Log4Net1213 3.4.1 requires Log4Net (= 2.0.3) but version log4net 3.2.0 was resolved.
/home/runner/work/moto/moto/LMSA.Tests/LMSA.Tests.csproj : warning NU1701: Package 'Common.Logging.Log4Net1213 3.4.1' was restored using '.NETFramework,Version=v4.6.1, .NETFramework,Version=v4.6.2, .NETFramework,Version=v4.7, .NETFramework,Version=v4.7.1, .NETFramework,Version=v4.7.2, .NETFramework,Version=v4.8, .NETFramework,Version=v4.8.1' instead of the project target framework 'net8.0'. This package may not be fully compatible with your project.
/home/runner/work/moto/moto/LMSA.Framework.Resources/HttpWebRequestState.cs(38,9): warning CS8618: Non-nullable property 'Request' must contain a non-null value when exiting constructor. Consider adding the 'required' modifier or declaring the property as nullable. [/home/runner/work/moto/moto/LMSA.Framework.Resources/LMSA.Framework.Resources.csproj]
/home/runner/work/moto/moto/LMSA.Framework.Resources/HttpWebRequestState.cs(38,9): warning CS8618: Non-nullable property 'Response' must contain a non-null value when exiting constructor. Consider adding the 'required' modifier or declaring the property as nullable. [/home/runner/work/moto/moto/LMSA.Framework.Resources/LMSA.Framework.Resources.csproj]
/home/runner/work/moto/moto/LMSA.Framework.Resources/HttpWebRequestState.cs(38,9): warning CS8618: Non-nullable property 'FStream' must contain a non-null value when exiting constructor. Consider adding the 'required' modifier or declaring the property as nullable. [/home/runner/work/moto/moto/LMSA.Framework.Resources/LMSA.Framework.Resources.csproj]
/home/runner/work/moto/moto/LMSA.Framework.Resources/HttpWebRequestState.cs(38,9): warning CS8618: Non-nullable property 'DiskInfo' must contain a non-null value when exiting constructor. Consider adding the 'required' modifier or declaring the property as nullable. [/home/runner/work/moto/moto/LMSA.Framework.Resources/LMSA.Framework.Resources.csproj]
/home/runner/work/moto/moto/LMSA.Framework.Resources/HttpWebRequestState.cs(38,9): warning CS8618: Non-nullable property 'ResponseStream' must contain a non-null value when exiting constructor. Consider adding the 'required' modifier or declaring the property as nullable. [/home/runner/work/moto/moto/LMSA.Framework.Resources/LMSA.Framework.Resources.csproj]
/home/runner/work/moto/moto/LMSA.Framework.Resources/HttpWebRequestState.cs(38,9): warning CS8618: Non-nullable property 'WaitHandle' must contain a non-null value when exiting constructor. Consider adding the 'required' modifier or declaring the property as nullable. [/home/runner/work/moto/moto/LMSA.Framework.Resources/LMSA.Framework.Resources.csproj]
/home/runner/work/moto/moto/LMSA.Framework.Resources/DownloadWorker.cs(41,9): warning CS8618: Non-nullable field 'ReqState' must contain a non-null value when exiting constructor. Consider adding the 'required' modifier or declaring the field as nullable. [/home/runner/work/moto/moto/LMSA.Framework.Resources/LMSA.Framework.Resources.csproj]
/home/runner/work/moto/moto/LMSA.Framework.Resources/DownloadResourcesCompatible.cs(38,21): warning CS8601: Possible null reference assignment. [/home/runner/work/moto/moto/LMSA.Framework.Resources/LMSA.Framework.Resources.csproj]
/home/runner/work/moto/moto/LMSA.Framework.Resources/DownloadResourcesCompatible.cs(39,18): warning CS8601: Possible null reference assignment. [/home/runner/work/moto/moto/LMSA.Framework.Resources/LMSA.Framework.Resources.csproj]
/home/runner/work/moto/moto/LMSA.Framework.Resources/DownloadResourcesCompatible.cs(40,19): warning CS8601: Possible null reference assignment. [/home/runner/work/moto/moto/LMSA.Framework.Resources/LMSA.Framework.Resources.csproj]
/home/runner/work/moto/moto/LMSA.Framework.Resources/DownloadResourcesCompatible.cs(41,13): warning CS8601: Possible null reference assignment. [/home/runner/work/moto/moto/LMSA.Framework.Resources/LMSA.Framework.Resources.csproj]
/home/runner/work/moto/moto/LMSA.Framework.Resources/DownloadResourcesCompatible.cs(45,23): warning CS8601: Possible null reference assignment. [/home/runner/work/moto/moto/LMSA.Framework.Resources/LMSA.Framework.Resources.csproj]
/home/runner/work/moto/moto/LMSA.Framework.Resources/DownloadResourcesCompatible.cs(47,67): warning CS8604: Possible null reference argument for parameter 'value' in 'object Enum.Parse(Type enumType, string value)'. [/home/runner/work/moto/moto/LMSA.Framework.Resources/LMSA.Framework.Resources.csproj]
/home/runner/work/moto/moto/LMSA.Framework.Resources/DownloadResourcesCompatible.cs(48,16): warning CS8601: Possible null reference assignment. [/home/runner/work/moto/moto/LMSA.Framework.Resources/LMSA.Framework.Resources.csproj]
/home/runner/work/moto/moto/LMSA.Framework.Resources/DownloadWorker.cs(62,23): warning CS8625: Cannot convert null literal to non-nullable reference type. [/home/runner/work/moto/moto/LMSA.Framework.Resources/LMSA.Framework.Resources.csproj]
/home/runner/work/moto/moto/LMSA.Framework.Resources/FileDownloadManagerV6.cs(23,9): warning CS8618: Non-nullable event 'OnRemoteDownloadStatusChanged' must contain a non-null value when exiting constructor. Consider adding the 'required' modifier or declaring the event as nullable. [/home/runner/work/moto/moto/LMSA.Framework.Resources/LMSA.Framework.Resources.csproj]
/home/runner/work/moto/moto/LMSA.Framework.Resources/DownloadWorker.cs(137,24): warning CS8625: Cannot convert null literal to non-nullable reference type. [/home/runner/work/moto/moto/LMSA.Framework.Resources/LMSA.Framework.Resources.csproj]
/home/runner/work/moto/moto/LMSA.Framework.Resources/DownloadWorker.cs(162,4): warning CS8602: Dereference of a possibly null reference. [/home/runner/work/moto/moto/LMSA.Framework.Resources/LMSA.Framework.Resources.csproj]
/home/runner/work/moto/moto/LMSA.Framework.Resources/DownloadWorker.cs(162,38): warning CS8604: Possible null reference argument for parameter 'driveName' in 'DriveInfo.DriveInfo(string driveName)'. [/home/runner/work/moto/moto/LMSA.Framework.Resources/LMSA.Framework.Resources.csproj]
/home/runner/work/moto/moto/LMSA.Framework.Resources/Rsd.cs(137,14): warning CS8625: Cannot convert null literal to non-nullable reference type. [/home/runner/work/moto/moto/LMSA.Framework.Resources/LMSA.Framework.Resources.csproj]
/home/runner/work/moto/moto/LMSA.Framework.Resources/Rsd.cs(142,32): warning CS8600: Converting null literal or possible null value to non-nullable type. [/home/runner/work/moto/moto/LMSA.Framework.Resources/LMSA.Framework.Resources.csproj]
/home/runner/work/moto/moto/LMSA.Framework.Resources/Rsd.cs(158,14): warning CS8603: Possible null reference return. [/home/runner/work/moto/moto/LMSA.Framework.Resources/LMSA.Framework.Resources.csproj]
/home/runner/work/moto/moto/LMSA.Framework.Resources/Rsd.cs(163,11): warning CS8603: Possible null reference return. [/home/runner/work/moto/moto/LMSA.Framework.Resources/LMSA.Framework.Resources.csproj]
/home/runner/work/moto/moto/LMSA.Framework.Resources/Rsd.cs(168,11): warning CS8603: Possible null reference return. [/home/runner/work/moto/moto/LMSA.Framework.Resources/LMSA.Framework.Resources.csproj]
/home/runner/work/moto/moto/LMSA.Framework.Resources/FileDownloadManagerV6.cs(67,38): warning CS8625: Cannot convert null literal to non-nullable reference type. [/home/runner/work/moto/moto/LMSA.Framework.Resources/LMSA.Framework.Resources.csproj]
/home/runner/work/moto/moto/LMSA.Framework.Resources/FileDownloadManagerV6.cs(127,10): warning CS8603: Possible null reference return. [/home/runner/work/moto/moto/LMSA.Framework.Resources/LMSA.Framework.Resources.csproj]
/home/runner/work/moto/moto/LMSA.Framework.Resources/FileDownloadManagerV6.cs(147,11): warning CS8603: Possible null reference return. [/home/runner/work/moto/moto/LMSA.Framework.Resources/LMSA.Framework.Resources.csproj]
/home/runner/work/moto/moto/LMSA.Framework.Resources/Rsd.cs(217,15): warning CS8625: Cannot convert null literal to non-nullable reference type. [/home/runner/work/moto/moto/LMSA.Framework.Resources/LMSA.Framework.Resources.csproj]
/home/runner/work/moto/moto/LMSA.Framework.Resources/Rsd.cs(218,32): warning CS8600: Converting null literal or possible null value to non-nullable type. [/home/runner/work/moto/moto/LMSA.Framework.Resources/LMSA.Framework.Resources.csproj]
/home/runner/work/moto/moto/LMSA.Framework.Resources/Rsd.cs(221,70): warning CS8602: Dereference of a possibly null reference. [/home/runner/work/moto/moto/LMSA.Framework.Resources/LMSA.Framework.Resources.csproj]
/home/runner/work/moto/moto/LMSA.Framework.Resources/Rsd.cs(16,21): warning CS8618: Non-nullable field '_instance' must contain a non-null value when exiting constructor. Consider adding the 'required' modifier or declaring the field as nullable. [/home/runner/work/moto/moto/LMSA.Framework.Resources/LMSA.Framework.Resources.csproj]
/home/runner/work/moto/moto/LMSA.Framework.Resources/FileDownloadManagerV6.cs(167,33): warning CS8600: Converting null literal or possible null value to non-nullable type. [/home/runner/work/moto/moto/LMSA.Framework.Resources/LMSA.Framework.Resources.csproj]
/home/runner/work/moto/moto/LMSA.Framework.Resources/DownloadWorker.cs(359,43): warning CS0618: 'SecurityProtocolType.Ssl3' is obsolete: 'SecurityProtocolType.Ssl3 has been deprecated and is not supported.' [/home/runner/work/moto/moto/LMSA.Framework.Resources/LMSA.Framework.Resources.csproj]
/home/runner/work/moto/moto/LMSA.Framework.Resources/DownloadWorker.cs(361,52): warning SYSLIB0014: 'WebRequest.Create(Uri)' is obsolete: 'WebRequest, HttpWebRequest, ServicePoint, and WebClient are obsolete. Use HttpClient instead.' (https://aka.ms/dotnet-warnings/SYSLIB0014) [/home/runner/work/moto/moto/LMSA.Framework.Resources/LMSA.Framework.Resources.csproj]
/home/runner/work/moto/moto/LMSA.Framework.Resources/DownloadWorker.cs(370,38): warning CS8604: Possible null reference argument for parameter 'driveName' in 'DriveInfo.DriveInfo(string driveName)'. [/home/runner/work/moto/moto/LMSA.Framework.Resources/LMSA.Framework.Resources.csproj]
/home/runner/work/moto/moto/LMSA.Framework.Resources/DownloadWorker.cs(392,46): warning CS8600: Converting null literal or possible null value to non-nullable type. [/home/runner/work/moto/moto/LMSA.Framework.Resources/LMSA.Framework.Resources.csproj]
/home/runner/work/moto/moto/LMSA.Framework.Resources/DownloadWorker.cs(393,48): warning CS8602: Dereference of a possibly null reference. [/home/runner/work/moto/moto/LMSA.Framework.Resources/LMSA.Framework.Resources.csproj]
/home/runner/work/moto/moto/LMSA.Framework.Resources/DownloadWorker.cs(420,46): warning CS8600: Converting null literal or possible null value to non-nullable type. [/home/runner/work/moto/moto/LMSA.Framework.Resources/LMSA.Framework.Resources.csproj]
/home/runner/work/moto/moto/LMSA.Framework.Resources/DownloadWorker.cs(421,28): warning CS8602: Dereference of a possibly null reference. [/home/runner/work/moto/moto/LMSA.Framework.Resources/LMSA.Framework.Resources.csproj]
/home/runner/work/moto/moto/LMSA.Framework.Resources/DownloadWorker.cs(471,96): warning CS8622: Nullability of reference types in type of parameter 's' of 'anonymous method' doesn't match the target delegate 'WaitOrTimerCallback' (possibly because of nullability attributes). [/home/runner/work/moto/moto/LMSA.Framework.Resources/LMSA.Framework.Resources.csproj]
/home/runner/work/moto/moto/LMSA.Framework.Resources/DownloadWorker.cs(493,45): warning CS8600: Converting null literal or possible null value to non-nullable type. [/home/runner/work/moto/moto/LMSA.Framework.Resources/LMSA.Framework.Resources.csproj]
/home/runner/work/moto/moto/LMSA.Framework.Resources/DownloadWorker.cs(519,40): warning CS8600: Converting null literal or possible null value to non-nullable type. [/home/runner/work/moto/moto/LMSA.Framework.Resources/LMSA.Framework.Resources.csproj]
/home/runner/work/moto/moto/LMSA.Framework.Resources/DownloadWorker.cs(520,10): warning CS8602: Dereference of a possibly null reference. [/home/runner/work/moto/moto/LMSA.Framework.Resources/LMSA.Framework.Resources.csproj]
/home/runner/work/moto/moto/LMSA.Framework.Resources/DownloadWorker.cs(529,26): warning CS8625: Cannot convert null literal to non-nullable reference type. [/home/runner/work/moto/moto/LMSA.Framework.Resources/LMSA.Framework.Resources.csproj]
/home/runner/work/moto/moto/LMSA.Framework.Resources/DownloadWorker.cs(530,18): warning CS8625: Cannot convert null literal to non-nullable reference type. [/home/runner/work/moto/moto/LMSA.Framework.Resources/LMSA.Framework.Resources.csproj]
/home/runner/work/moto/moto/LMSA.Framework.Resources/DownloadWorker.cs(576,23): warning CS8625: Cannot convert null literal to non-nullable reference type. [/home/runner/work/moto/moto/LMSA.Framework.Resources/LMSA.Framework.Resources.csproj]
/home/runner/work/moto/moto/LMSA.Framework.Resources/DownloadWorker.cs(577,15): warning CS8625: Cannot convert null literal to non-nullable reference type. [/home/runner/work/moto/moto/LMSA.Framework.Resources/LMSA.Framework.Resources.csproj]
/home/runner/work/moto/moto/LMSA.Framework.Resources/DownloadWorker.cs(641,24): warning CS8625: Cannot convert null literal to non-nullable reference type. [/home/runner/work/moto/moto/LMSA.Framework.Resources/LMSA.Framework.Resources.csproj]
    140 Warning(s)
    0 Error(s)

Time Elapsed 00:00:05.01
